0x3A35ACB5B2113D4A { global: __Ux86_64_setcontext; };
0x001637389F5FB2DA { global: __elf_phdr_match_addr; };
0xF41703CA43E6A352 { global: __error; };
0x9D248F54624B3231 { global: __freeze; };
0x42CC5B6FE6ADCB45 { global: __getcwd; };
0xE296228683E0827F { global: __inet_ntop; };
0x7F23DE08A27DE078 { global: __inet_pton; };
0x896B0595831FDCAC { global: __pthread_cleanup_pop_imp; };
0x00D71BED515C754A { global: __pthread_cleanup_push_imp; };
0x91BC385071D2632D { global: __pthread_cxa_finalize; };
0xDC96219222079097 { global: __sceKernelGetGPI; };
0x3AEDE22F569BBE78 { global: __stack_chk_fail; };
0x00CDD685E4D5DED8 { global: __sys_debug_init; };
0x61B02E9EBB62FB9E { global: __sys_dl_get_info; };
0x942A75ED2A98DCD7 { global: __sys_dl_get_info_2; };
0x5EE8E88F2A706187 { global: __sys_dl_get_list; };
0xECEA4D0C334C272A { global: __sys_dl_get_metadata; };
0x9D373EB456A31AA4 { global: __sys_dynlib_get_info2; };
0x2BBC62BA574E3CAC { global: __sys_dynlib_get_info_for_libdbg; };
0x3F48E363A6F16A42 { global: __sys_dynlib_get_list2; };
0xBE9A3749B185B849 { global: __sys_dynlib_get_list_for_libdbg; };
0x9D91E4FA5A6AC154 { global: __sys_dynlib_load_prx; };
0x009C6158A85BAD52 { global: __sys_get_proc_type_info; };
0x003A112F4A7BF6A3 { global: __sys_is_development_mode; };
0xD8CF9D14CF169AAE { global: __sys_kqueueex; };
0xDC2358E19D0BB9CF { global: __sys_namedobj_create; };
0x13B0A67CB7DE4AE4 { global: __sys_namedobj_delete; };
0x009AC7D25D7CBC1F { global: __sys_nanosleep; };
0x51347AC0091A8F19 { global: __sys_netabort; };
0xCEC4EF8420EB3A34 { global: __sys_netcontrol; };
0x5FCE90D2A409D66D { global: __sys_netgetiflist; };
0x5B1DBEDADD665F51 { global: __sys_netgetsockinfo; };
0x899149609268652F { global: __sys_opmc_disable; };
0x306AE3DB4F842BE5 { global: __sys_opmc_enable; };
0x87EE03269017B382 { global: __sys_opmc_get_ctr; };
0x220968C0D70E78F4 { global: __sys_opmc_get_hw; };
0x00BD2467A03D4149 { global: __sys_opmc_set_ctl; };
0xCED36AA8D0A5D53C { global: __sys_opmc_set_ctr; };
0x3C8B7D5986A806A5 { global: __sys_opmc_set_hw; };
0xADA3BE6C1EEAD9C6 { global: __sys_osem_close; };
0x90F19779241EA167 { global: __sys_osem_open; };
0x9F412B159DA198AB { global: __sys_randomized_path; };
0xF487A6F56934EF15 { global: __sys_rdup; };
0xECDC2082B589E5C0 { global: __sys_regmgr_call; };
0x35335D61096E8A19 { global: __sys_resume_internal_hdd; };
0xEB05E2B0FA2189F1 { global: __sys_resume_process; };
0x00072A200EB497C3 { global: __sys_set_uevt; };
0xB7EAD3C79356FAA5 { global: __sys_socketclose; };
0xA46EF4193E72468E { global: __sys_socketex; };
0x00AD79093B584E93 { global: __sys_suspend_process; };
0x11E56D850A1C1376 { global: __sys_test_debug_rwmem; };
0x8D33C4D404BBB9A9 { global: __sys_workaround8849; };
0xBCD7B5C387622C2B { global: __tls_get_addr; };
0x07ECDF17B6CCB302 { global: _accept; };
0xE1BA089A6E30C6ED { global: _bind; };
0x34DB4568A25B3EDD { global: _close; };
0x2850C6C8B8FCD0C6 { global: _connect; };
0x5BC7F569D565FB8F { global: _dup2; };
0x00DE78FE2B57A523 { global: _execve; };
0x49C7C34CEA8B38CC { global: _execvpe; };
0xE99F37B18585940F { global: _exit; };
0xB747D7533ABAD59E { global: _fcntl; };
0x719AB5CC8CC537BB { global: _fpathconf; };
0x0343B9905E71E0B4 { global: _fstat; };
0xD7B31F7B50775FA5 { global: _fstatfs; };
0xB1F2B28128C86C8F { global: _getdirentries; };
0xAD334CEDA7556288 { global: _getpeername; };
0xE86C25DFD28A5042 { global: _getsockname; };
0x70BD90525A3D5679 { global: _getsockopt; };
0xC16FA4DB57266F04 { global: _ioctl; };
0x72B6F98FB9A49357 { global: _is_signal_return; };
0xE84605DED5E35DB5 { global: _listen; };
0x361A6CA7176310A5 { global: _nanosleep; };
0x00E9CDEB09511F4D { global: _open; };
0x6C65448165F2E9D8 { global: _openat; };
0x0D1B81B76A6F2029 { global: _read; };
0xF9646590A8D9BDA8 { global: _readv; };
0x80F710DCEAC50540 { global: _recvfrom; };
0x3DC280A56F645684 { global: _recvmsg; };
0xA7911C41E11E2401 { global: _sceKernelRtldSetApplicationHeapAPI; };
0xF0E9D65E581096FA { global: _sceKernelRtldThreadAtexitDecrement; };
0x4F3E113540816C62 { global: _sceKernelRtldThreadAtexitIncrement; };
0x00A41C866769D0F6 { global: _sceKernelSetThreadAtexitCount; };
0x5A109CD70DC48522 { global: _sceKernelSetThreadAtexitReport; };
0xACD856CFE96F38C5 { global: _sceKernelSetThreadDtors; };
0xF8BDB69241625E89 { global: _sendmsg; };
0x96F0E1C21502D391 { global: _sendto; };
0x006B828ABC5304E0 { global: _setsockopt; };
0x0050308859ACE885 { global: _sigaction; };
0xEB1569CB415DABE2 { global: _sigprocmask; };
0xF73A4BB0B112CD3B { global: _sigsuspend; };
0xD3802390FD233BD5 { global: _umtx_op; };
0x44596CBBB9DFA293 { global: _wait4; };
0x171559A81000EE4B { global: _write; };
0x6121D10512E7DA92 { global: _writev; };
0xDDEFB822FEC827C5 { global: accept; };
0xF2F13A67A5446329 { global: access; };
0xA619E32CACF89E33 { global: aio_cancel; };
0x603F6CAA8D10EB6D { global: aio_error; };
0x8FAE225E3B239C26 { global: aio_fsync; };
0x91A2C5CD6C6A9056 { global: aio_read; };
0x3993A1ECE3C6E352 { global: aio_return; };
0xE76AFAF2F3EFAC10 { global: aio_suspend; };
0x913EC0AD1000CD10 { global: aio_waitcomplete; };
0x222A1F14A12049EC { global: aio_write; };
0xDD255A7A126F6059 { global: amd64_set_fsbase; };
0x2AE3A680AA2A09D6 { global: bind; };
0x00A4E83903A62BEA { global: blockpool_batch; };
0xF7D5E97F205383D7 { global: blockpool_map; };
0x2558197C9B7766A4 { global: blockpool_open; };
0x2997217DE6A54D3E { global: blockpool_unmap; };
0x00EA6310D4C48F59 { global: chdir; };
0x8B1AF0D21DAD5AE2 { global: chflags; };
0xCF476D9CFC5882D8 { global: chmod; };
0xFB61C0B9CEF255B7 { global: chown; };
0x0000A92787C0B157 { global: chroot; };
0xB26223EDEAB3644F { global: clock_getres; };
0x94B313F6F240724D { global: clock_gettime; };
0x77B9D48F52CE7435 { global: clock_settime; };
0x006D83CEE8987385 { global: close; };
0x5D52FC4A8DD02549 { global: connect; };
0x8AD8A84309891B2B { global: cpuset; };
0x3DD826978ADBC589 { global: cpuset_getaffinity; };
0x0C663BA962DC1C60 { global: cpuset_getid; };
0x00D0C68B423BFA4A { global: cpuset_setaffinity; };
0x0621C789F22F5FCF { global: cpuset_setid; };
0xE40312D089ED53C2 { global: creat; };
0xA224F4BE0CE65B43 { global: dlclose; };
0xB9C1498933B5114C { global: dlerror; };
0x52D7954BA07566B5 { global: dlopen; };
0x6E263E91C541E43E { global: dlsym; };
0x8A2423CEF7D60EAD { global: dup; };
0x00C1D52E7DAF600F { global: dup2; };
0xE9E87D406A5A456C { global: dynlib_get_obj_member; };
0x29A2B9DA5613048B { global: execv; };
0x91D82E2E202178B2 { global: execve; };
0xD0D243710D81F2F1 { global: execvp; };
0x00827C9503A4E36A { global: fchdir; };
0x509AD00B2629CA27 { global: fchflags; };
0x9F4D7235B40EE56E { global: fchmod; };
0x9EC0434EEDB60815 { global: fchmodat; };
0xAEEC83F5090FF1D2 { global: fchown; };
0x006547018D41C081 { global: fchownat; };
0xF27635F5B2A88999 { global: fcntl; };
0x2886C9150D08D428 { global: fdatasync; };
0xF5E3257EEB07E2C5 { global: flock; };
0x00723B78C929984E { global: fork; };
0x14A3D3F69E7C3004 { global: fpathconf; };
0x9AA40C875CCF3D3F { global: fstat; };
0x00B7A85A7F8B1E13 { global: fstatat; };
0xFAB58535888D6843 { global: fstatfs; };
0x8EE59B4CD33EF21C { global: fsync; };
0x008A1E020FD82084 { global: ftruncate; };
0xFB4103A3B6337285 { global: futimes; };
0x0015C8F50123427D { global: futimesat; };
0x8A031E7E9E1202FD { global: get_authinfo; };
0xC30C9773AF30BE70 { global: get_module_info_list; };
0x5AD47B395BD4812A { global: get_page_table_stats; };
0x7E2F895F6C2AD975 { global: get_sdk_compiled_version; };
0x00A76C607C1DF483 { global: get_self_auth_info; };
0x001F12829ACF67E2 { global: get_vm_map_timestamp; };
0x88A24C5AB02E98F1 { global: getargc; };
0x1499A09664CC76BE { global: getargv; };
0x75AAF4DC03A7FA73 { global: getcontext; };
0xD86EA2EA13085146 { global: getdents; };
0x007F4F4ABC83F241 { global: getdirentries; };
0xB19BB06833C04CAB { global: getdtablesize; };
0xEF6AD8B98A034D69 { global: getegid; };
0xB6FA477B99013B81 { global: geteuid; };
0x0010044F2EBF237F { global: getfsstat; };
0x01FB92DB76D7EA48 { global: getgid; };
0xDF28D96D2BDA9F68 { global: getgroups; };
0x2751F54110897F64 { global: getitimer; };
0x01F3318767BD5774 { global: getlogin; };
0xEFC1621DEAAE6BD5 { global: getlogin_r; };
0x0093E017AAED9E05 { global: getpagesize; };
0x4D7145162365754F { global: getpeername; };
0x1E82D558D6A70417 { global: getpid; };
0x7BAA2F068F59BC97 { global: getppid; };
0x9A2435C15C127B11 { global: getpriority; };
0x5A1EC76D5EC916A7 { global: getrlimit; };
0x8479594149E5C523 { global: getrusage; };
0x828916A1DEC6007E { global: getsid; };
0x45E9C8D652F55859 { global: getsockname; };
0xE8EF04C183A01FD6 { global: getsockopt; };
0x9FCF2FC770B99D6F { global: gettimeofday; };
0x920E31F0FAE17F1C { global: getuid; };
0x2B54BCA1CEB5C623 { global: htonl; };
0x008E881422C395DD { global: htons; };
0xE63442B366B1B6BE { global: inet_ntop; };
0xE27E75B34CC47F47 { global: inet_pton; };
0x3DF71C4FBA944581 { global: ioctl; };
0x1E4EE21E61B1075F { global: ipmimgr_call; };
0x59A4E15D2BC040D7 { global: is_in_sandbox; };
0x0315210B7CCDAE19 { global: issetugid; };
0xB7906EABC7E822F8 { global: kenv; };
0x004561847E99ECAA { global: kevent; };
0x5B4C64374F999021 { global: kill; };
0x54E38A2AE9FCE65C { global: kldfind; };
0xA89CC1FA0D5D52AE { global: kldfirstmod; };
0xC319B012847C52EC { global: kldload; };
0x3CEC0B2D8CD9B9F5 { global: kldnext; };
0xB6F767B6F04FE463 { global: kldstat; };
0xE3436D266E289B40 { global: kldsym; };
0x581978C5057E3679 { global: kldunload; };
0x0000000000000000 { global: kmq_notify; };
0xDD5A546C751F40B3 { global: kmq_open; };
0x69D08E894736EF9F { global: kmq_setattr; };
0x0146EDC0F11B997A { global: kmq_timedreceive; };
0x20C6FA759C4AAAB6 { global: kmq_timedsend; };
0x35391DBCE0D15570 { global: kmq_unlink; };
0x9E1D8814C80A4EFF { global: kqueue; };
0xA6FF4CDA31C9EA2C { global: ksem_close; };
0x6AC48A2F7D3E85E0 { global: ksem_destroy; };
0xACE4F450CBED0820 { global: ksem_getvalue; };
0x4C4C2AB730267B3A { global: ksem_init; };
0x939410AC91294586 { global: ksem_open; };
0x00B3C81626B6355A { global: ksem_post; };
0xBC4F9696898B4A1E { global: ksem_timedwait; };
0x8156A87EE46F2DD5 { global: ksem_trywait; };
0xB6F9104437BA84DA { global: ksem_unlink; };
0xAD0BCC2319850FA0 { global: ksem_wait; };
0x4858F0E3E1CE54E4 { global: ktimer_create; };
0x532B2CD5E005B56A { global: ktimer_delete; };
0x0000000000000000 { global: ktimer_getoverrun; };
0x99994496AA2B2139 { global: ktimer_gettime; };
0x65637080D8209730 { global: ktimer_settime; };
0xDC83B8A58941CC65 { global: ktrace; };
0x000CF77946B33EF8 { global: lchflags; };
0xC15A3C7F40D5DFC1 { global: lchmod; };
0x5AC02D5AF2E43BB4 { global: lchown; };
0x3DDECAB49D60C9B9 { global: link; };
0x5B057D32FD1A5760 { global: linkat; };
0xA719C299A82BB5AA { global: listen; };
0x3B2E88A7082D60E9 { global: lseek; };
0x0D1197A430E1F0D8 { global: lstat; };
0x3E665FBF496EA757 { global: lutimes; };
0x25A86C9E1E0A2A48 { global: madvise; };
0xECABB0740B749104 { global: mdbg_call; };
0x2D86DB6715CD027B { global: mdbg_service; };
0xFA1163CA8866394D { global: mincore; };
0x246322A3EDB52F87 { global: mkdir; };
0xB8792E79EA75B5CF { global: mkdirat; };
0x9930597C46A5D81C { global: mlock; };
0x00C7B83B11B7A8F1 { global: mlockall; };
0x04F13DB3DBD0417A { global: mmap; };
0x7667CC183A2C841E { global: mount; };
0x61039FC4BE107DE5 { global: mprotect; };
0xB59638F9264D1610 { global: msync; };
0x386E11B03C0B82EA { global: munlock; };
0x3692C1A60555ECF5 { global: munlockall; };
0x52A0C68D7039C943 { global: munmap; };
0xC92F14D931827B50 { global: nanosleep; };
0xDD89D7B2940DCB0F { global: nmount; };
0x8DCB795A38B12E09 { global: ntohl; };
0xA0B162F87B99EE16 { global: ntohs; };
0xC2E0ABA081A3B768 { global: open; };
0x03C624E4084D0DC9 { global: openat; };
0x4F39AF9766F790B0 { global: openintr; };
0xA1CF7CFB33889AEB { global: pathconf; };
0x103CA159E963ED46 { global: pause; };
0x9F7EF527970FFAEA { global: physhm_open; };
0x014A89364A1B4357 { global: physhm_unlink; };
0x00269EC5FA95F136 { global: pipe; };
0x92EEC3E2AD58F4F2 { global: poll; };
0x007B3BD148134AA8 { global: pread; };
0x65A47369AA406703 { global: preadv; };
0x0A9176D452042954 { global: profil; };
0x64EDA75A84C0BFAD { global: pselect; };
0x53DB799090163E70 { global: pthread_atfork; };
0xCC772163C7EDE699 { global: pthread_attr_destroy; };
0x0051CB2E38AF9E96 { global: pthread_attr_get_np; };
0x00C3367B76F03B51 { global: pthread_attr_getaffinity_np; };
0x5544F5652AC74F42 { global: pthread_attr_getdetachstate; };
0x24D91556C54398E9 { global: pthread_attr_getguardsize; };
0xA0B8CFA942A1CDEB { global: pthread_attr_getinheritsched; };
0xAA593DA522EC5263 { global: pthread_attr_getschedparam; };
0x0046D2D15690534D { global: pthread_attr_getschedpolicy; };
0x7B61BE71D1243A65 { global: pthread_attr_getscope; };
0x02930B7C9E76EC08 { global: pthread_attr_getsolosched_np; };
0xBD09B87C312C5A2F { global: pthread_attr_getstack; };
0x000F19883144305D { global: pthread_attr_getstackaddr; };
0x00D2A3AD09164772 { global: pthread_attr_getstacksize; };
0x00C2D92DB5E475B2 { global: pthread_attr_init; };
0xA3CA5DE23B8D6E07 { global: pthread_attr_setaffinity_np; };
0x436CB922A483646B { global: pthread_attr_setcreatesuspend_np; };
0x13EB72A37969E4BC { global: pthread_attr_setdetachstate; };
0x24AC86DD25B2035D { global: pthread_attr_setguardsize; };
0xED99406A411FD108 { global: pthread_attr_setinheritsched; };
0x7AE291826D159F63 { global: pthread_attr_setschedparam; };
0x25AACC232F242846 { global: pthread_attr_setschedpolicy; };
0x00C5EB2695220A08 { global: pthread_attr_setscope; };
0xDBEA557E088477B0 { global: pthread_attr_setsolosched_np; };
0x004AB6D7A464757F { global: pthread_attr_setstack; };
0xB2E0AB11BAF4C484 { global: pthread_attr_setstackaddr; };
0xD90D33EAB9C1AD31 { global: pthread_attr_setstacksize; };
0xF8FAAE6FD1D908FA { global: pthread_barrier_destroy; };
0x66C5CB16D7768EA4 { global: pthread_barrier_init; };
0x5B04510248630113 { global: pthread_barrier_setname_np; };
0x09AC1980262A5D69 { global: pthread_barrier_wait; };
0x02C0900984DB7BCD { global: pthread_barrierattr_destroy; };
0x6B92593328C557AF { global: pthread_barrierattr_getpshared; };
0xE27A829CB252BDC9 { global: pthread_barrierattr_init; };
0x8EAAC6249C458665 { global: pthread_barrierattr_setpshared; };
0x00D03E0556F12293 { global: pthread_cancel; };
0x455C5BD12B1AE6DD { global: pthread_cleanup_pop; };
0xE1979959C32C015D { global: pthread_cleanup_push; };
0x9A4C767D584D32C8 { global: pthread_cond_broadcast; };
0x4575EA8B80AD17CC { global: pthread_cond_destroy; };
0xD13C959383122EDD { global: pthread_cond_init; };
0x2BDE773C5E6EE8F7 { global: pthread_cond_reltimedwait_np; };
0x119F21EF476D14B8 { global: pthread_cond_setname_np; };
0xD8C3B2FAB51FBA14 { global: pthread_cond_signal; };
0x088E90CBBDDA7B5D { global: pthread_cond_signalto_np; };
0xDBB6C08222663A1D { global: pthread_cond_timedwait; };
0x3A9F130466392878 { global: pthread_cond_wait; };
0x0074972E4159FA23 { global: pthread_condattr_destroy; };
0x7130D8C5350D3E13 { global: pthread_condattr_getclock; };
0x874A94A92B8E982F { global: pthread_condattr_getpshared; };
0x98AA13C74DC74560 { global: pthread_condattr_init; };
0x123965680A803D9A { global: pthread_condattr_setclock; };
0xDC1A4FF39D21053E { global: pthread_condattr_setpshared; };
0x003B184807C2C13D { global: pthread_create; };
0x2668BEF70F6ED04E { global: pthread_create_name_np; };
0xF94D51E16B57BE87 { global: pthread_detach; };
0xED7976E7B33854D2 { global: pthread_equal; };
0x149AD3E4BB940405 { global: pthread_exit; };
0xB5DF8362F6DB0DF9 { global: pthread_get_specificarray_np; };
0x62418E5E9244B4EF { global: pthread_get_user_context_np; };
0x25BDAE18532BEBCF { global: pthread_getaffinity_np; };
0xB3E40753D44B1D2E { global: pthread_getconcurrency; };
0x9E7A316541CAF920 { global: pthread_getcpuclockid; };
0xF47CDF85DB444A2A { global: pthread_getname_np; };
0x68EF964B6C56BA8E { global: pthread_getprio; };
0x00148B375104FDB2 { global: pthread_getschedparam; };
0x00D0A5DA4BBD31CB { global: pthread_getspecific; };
0xAEE67D86143CA149 { global: pthread_getstack_np; };
0x00DDEAACDFB1BBE2 { global: pthread_getthreadid_np; };
0x87D09C3F7274A153 { global: pthread_join; };
0x9AA50B35D8A64E7D { global: pthread_key_create; };
0xE81A4466E0D3ED82 { global: pthread_key_delete; };
0x00C87B905B72DB5F { global: pthread_kill; };
0x0F50FA185218606B { global: pthread_main_np; };
0x00BE172B79CA99CA { global: pthread_multi_np; };
0x96D09F686AF62461 { global: pthread_mutex_destroy; };
0x008ADBD4E6614FB2 { global: pthread_mutex_getprioceiling; };
0xC78BD08F724A2A67 { global: pthread_mutex_getspinloops_np; };
0x3B110852A901CB2E { global: pthread_mutex_getyieldloops_np; };
0xB6D1CD7D4FAA0C15 { global: pthread_mutex_init; };
0x84BA048520618BCE { global: pthread_mutex_init_for_mono; };
0x0080AAB35B35A1BD { global: pthread_mutex_isowned_np; };
0xEC7D224CE7224CBA { global: pthread_mutex_lock; };
0x9DB4346D73119619 { global: pthread_mutex_reltimedlock_np; };
0x9D3C59069F183467 { global: pthread_mutex_setname_np; };
0x5D2DE4195B78ABEE { global: pthread_mutex_setprioceiling; };
0x00E6770B32D2F9FA { global: pthread_mutex_setspinloops_np; };
0x7EB16E1A9AC998F7 { global: pthread_mutex_setyieldloops_np; };
0x228F7E9D329766D0 { global: pthread_mutex_timedlock; };
0x002A35E16EDDA09F { global: pthread_mutex_trylock; };
0xD99F8FA58E826898 { global: pthread_mutex_unlock; };
0x1C5EE52B8EB1CE36 { global: pthread_mutexattr_destroy; };
0x56F365E58CB403A5 { global: pthread_mutexattr_getgen_np; };
0x53A48D57E467C8B4 { global: pthread_mutexattr_getkind_np; };
0xFA6F3EAAEA8EC213 { global: pthread_mutexattr_getprioceiling; };
0xC83696C54139D2CD { global: pthread_mutexattr_getprotocol; };
0x003E62D3C0A5335C { global: pthread_mutexattr_getpshared; };
0x19916523B461B90A { global: pthread_mutexattr_gettype; };
0x7501D612C26DA04E { global: pthread_mutexattr_init; };
0xC6C61D87D36CB8AD { global: pthread_mutexattr_setgen_np; };
0x27DAE546E43C1F9B { global: pthread_mutexattr_setkind_np; };
0x64BBDFEA55407383 { global: pthread_mutexattr_setprioceiling; };
0xE6DC4A7DC3140289 { global: pthread_mutexattr_setprotocol; };
0x117BF7CED1AAB433 { global: pthread_mutexattr_setpshared; };
0x9839A030E19552A8 { global: pthread_mutexattr_settype; };
0x678428B15B80B00D { global: pthread_once; };
0xF6FC8FE99EDBAB37 { global: pthread_rename_np; };
0xDE063907414290D6 { global: pthread_resume_all_np; };
0x0000000000000000 { global: pthread_resume_np; };
0x411744EDD05F364B { global: pthread_resume_user_context_np; };
0xD78EF56A33F3C61D { global: pthread_rwlock_destroy; };
0x00CAD4142CD9E12F { global: pthread_rwlock_init; };
0x8868ECAF5580B48D { global: pthread_rwlock_rdlock; };
0x00758BFE21FD863E { global: pthread_rwlock_reltimedrdlock_np; };
0x4519D28FC87C551E { global: pthread_rwlock_reltimedwrlock_np; };
0x530C609EC8B7C5E3 { global: pthread_rwlock_setname_np; };
0x0095BF259D8A28EE { global: pthread_rwlock_timedrdlock; };
0xF73925CC097D0863 { global: pthread_rwlock_timedwrlock; };
0x485C5330E7EE0A41 { global: pthread_rwlock_tryrdlock; };
0x5E15879FA3F947B5 { global: pthread_rwlock_trywrlock; };
0x12098BA3A11682CA { global: pthread_rwlock_unlock; };
0xB08951BD0AAC3766 { global: pthread_rwlock_wrlock; };
0xAAC7668178EA4A09 { global: pthread_rwlockattr_destroy; };
0x0056A10CB82BEA1D { global: pthread_rwlockattr_getpshared; };
0x97E6C6E5FB189218 { global: pthread_rwlockattr_gettype_np; };
0xC4579BB00E18B052 { global: pthread_rwlockattr_init; };
0x3AE2A0FA44430FB5 { global: pthread_rwlockattr_setpshared; };
0xF0DB8E1E24EBD55C { global: pthread_rwlockattr_settype_np; };
0x128B51F1ADC049FE { global: pthread_self; };
0xB46FBCD396F53639 { global: pthread_set_defaultstacksize_np; };
0xA31329F2E3EA6BE5 { global: pthread_set_name_np; };
0x7A5F6CB66BBADBDD { global: pthread_set_user_context_np; };
0x00E4A5AB83B66ABC { global: pthread_setaffinity_np; };
0x959CC5792C4F974F { global: pthread_setcancelstate; };
0xD9D121BEF8E5AB7D { global: pthread_setcanceltype; };
0x7C11B5807C754652 { global: pthread_setconcurrency; };
0x6B63FDC1819E66F7 { global: pthread_setprio; };
0x5ECF617620FBB000 { global: pthread_setschedparam; };
0x5AB38BBC7534C903 { global: pthread_setspecific; };
0x2592B0E7E5AB9DAC { global: pthread_sigmask; };
0xE10F1D6F8A48455D { global: pthread_single_np; };
0x2092208283D91319 { global: pthread_spin_destroy; };
0x64C9F77259C01810 { global: pthread_spin_init; };
0xA70FBBD0294B6256 { global: pthread_spin_lock; };
0xAC24C69012077CF6 { global: pthread_spin_trylock; };
0x2C47CC3024FE4A53 { global: pthread_spin_unlock; };
0x89602767781EAFEF { global: pthread_suspend_all_np; };
0xE1EF5D30AB7E5180 { global: pthread_suspend_np; };
0x71F8C08D54C51BA0 { global: pthread_suspend_user_context_np; };
0x43D0E1510C4D0B02 { global: pthread_switch_add_np; };
0x009DE67AD26F816B { global: pthread_switch_delete_np; };
0x9D806B9060EAC61F { global: pthread_testcancel; };
0x3E44B8E081AB0E43 { global: pthread_timedjoin_np; };
0x0791A65432B0A67D { global: pthread_yield; };
0x66D422D506403607 { global: ptrace; };
0x000B69096F24B9AC { global: pwrite; };
0x142726459856B4E9 { global: pwritev; };
0x00D2DD0CC503702B { global: raise; };
0x02A062A02DAF1772 { global: read; };
0xA5DD36508F536CE0 { global: readlink; };
0x0023B22670B76CB9 { global: readv; };
0x8096518B95AE5D92 { global: reboot; };
0x133F318E8F541781 { global: recv; };
0x95493AC2B197C8CC { global: recvfrom; };
0x848EE855E3A5B8F3 { global: recvmsg; };
0x34DD35A8B4618AA5 { global: rename; };
0xDCFEE2DEFC5E675F { global: renameat; };
0x8C458820B514D2F0 { global: revoke; };
0x6D20F11291B39941 { global: rfork_thread; };
0x73B6674FB57507DF { global: rmdir; };
0xBBC339EAAA6A4EDC { global: rtld_printf; };
0xD88D9157A2F23678 { global: rtprio_thread; };
0x00F985F4CC651237 { global: sceCoredumpAttachMemoryRegion; };
0x30427BB5CED38703 { global: sceCoredumpAttachMemoryRegionAsUserFile; };
0xE6773681D2CDB289 { global: sceCoredumpAttachUserFile; };
0x0E8287994C35CA24 { global: sceCoredumpAttachUserMemoryFile; };
0x8332EDF50ADABA4D { global: sceCoredumpConfigDumpMode; };
0xD4FC399F7D40CB17 { global: sceCoredumpDebugForceCoredumpOnAppClose; };
0x75E8BCA14C7A0DB5 { global: sceCoredumpDebugTextOut; };
0x1B8DB43F6E693796 { global: sceCoredumpDebugTriggerCoredump; };
0x90AD03516D549207 { global: sceCoredumpGetStopInfoCpu; };
0x9ECC96093B08DCC6 { global: sceCoredumpGetStopInfoGpu; };
0x4A10A1BDAE7BC083 { global: sceCoredumpGetThreadContextInfo; };
0xA820C8C492FE20DF { global: sceCoredumpInternalGetThreadContextInfo; };
0xF332D27C47D6E405 { global: sceCoredumpRegisterCoredumpHandler; };
0x531AA476D6BBC048 { global: sceCoredumpSetUserDataType; };
0x7C59213A0CED8820 { global: sceCoredumpUnregisterCoredumpHandler; };
0x0DB6E48FA60759DA { global: sceCoredumpWriteUserData; };
0x2A90AFD2B7AB9D94 { global: sceKernelAddACInfo; };
0x6C17F3EE4305D87A { global: sceKernelAddAmprEvent; };
0x3612F9A880F68A1A { global: sceKernelAddCpumodeEvent; };
0x706DEDD7938AE0EC { global: sceKernelAddFileEvent; };
0x609EC9B1C5AE6DC5 { global: sceKernelAddGpuExceptionEvent; };
0x47BE2DB78DF13FA9 { global: sceKernelAddHRTimerEvent; };
0x0000000000000000 { global: sceKernelAddProcessToCanvasMap; };
0x547092DEB09DD0F3 { global: sceKernelAddReadEvent; };
0xBAA26535DF5722B0 { global: sceKernelAddResource; };
0xE7B64AF8E0C45D66 { global: sceKernelAddTimerEvent; };
0x00E11E8EBC8D9C10 { global: sceKernelAddUserEvent; };
0x583B339926D6B839 { global: sceKernelAddUserEventEdge; };
0x0046DC9832961AC5 { global: sceKernelAddWriteEvent; };
0x7D1E76D4A20681BF { global: sceKernelAioCancelRequest; };
0xDCB71AD5706B41D6 { global: sceKernelAioCancelRequests; };
0xE5380C13A018B72E { global: sceKernelAioDeleteRequest; };
0x16DDC4B6C6730286 { global: sceKernelAioDeleteRequests; };
0xBD853C3FD4DDD99A { global: sceKernelAioInitializeImpl; };
0x009EEE1AD1AAD08A { global: sceKernelAioInitializeParam; };
0xDA93AEA16A02C5D9 { global: sceKernelAioPollRequest; };
0xA3B3B8CF78F02B3A { global: sceKernelAioPollRequests; };
0x00F562AF84D5E29B { global: sceKernelAioSetParam; };
0x1E05FBF80391239F { global: sceKernelAioSubmitReadCommands; };
0x009574F49B73EFB3 { global: sceKernelAioSubmitReadCommandsMultiple; };
0x5D0F02F32F9D7BE1 { global: sceKernelAioSubmitWriteCommands; };
0xC53DC2A73D3287A6 { global: sceKernelAioSubmitWriteCommandsMultiple; };
0x0028E16825B415BD { global: sceKernelAioWaitRequest; };
0x9602BEA085A42720 { global: sceKernelAioWaitRequests; };
0xAD35F0EB9C662C80 { global: sceKernelAllocateDirectMemory; };
0x62292ACDD4CE9B16 { global: sceKernelAllocateDirectMemory2; };
0x7CDA2F8AE230CA47 { global: sceKernelAllocateDirectMemoryForApp; };
0x965F08F4AE11B543 { global: sceKernelAllocateDirectMemoryForMiniApp; };
0x07EBDCD803B666B7 { global: sceKernelAllocateMainDirectMemory; };
0xE3962EADFEE56665 { global: sceKernelAllocateToolMemory; };
0x0083A7E15BE36EB9 { global: sceKernelAllocateTraceDirectMemory; };
0x00C6FE38A919F354 { global: sceKernelAprCtrl; };
0x5AF12EEF297722F8 { global: sceKernelAprGetFileSize; };
0x0299186876FC49E9 { global: sceKernelAprGetFileStat; };
0x00593E4D2B2E367F { global: sceKernelAprResolveFilepathsToIds; };
0x804A4191CC31523C { global: sceKernelAprResolveFilepathsToIdsAndFileSizes; };
0x4330783BE6C94320 { global: sceKernelAprResolveFilepathsToIdsAndFileSizesForEach; };
0x00798021DAF94261 { global: sceKernelAprResolveFilepathsToIdsForEach; };
0x8B71D6BD6DF98DAA { global: sceKernelAprResolveFilepathsWithPrefixToIds; };
0xC397DC086FADDF58 { global: sceKernelAprResolveFilepathsWithPrefixToIdsAndFileSizes; };
0x0BE2A1B5B6F1DA0F { global: sceKernelAprResolveFilepathsWithPrefixToIdsAndFileSizesForEach; };
0x0054106DB885BC5D { global: sceKernelAprResolveFilepathsWithPrefixToIdsForEach; };
0x784E12CE5F2C8A5F { global: sceKernelAprSubmitCommandBuffer; };
0xAAF3140B2C9A0922 { global: sceKernelAprSubmitCommandBufferAndGetId; };
0x00012A16E561143E { global: sceKernelAprSubmitCommandBufferAndGetResult; };
0xD1EAECD4DE02F426 { global: sceKernelAprSubmitCommandBufferAndGetResult_TEST; };
0x3A6AFD5FE6264FB2 { global: sceKernelAprSubmitCommandBuffer_TEST; };
0xAEAC05288E0F0223 { global: sceKernelAprWaitCommandBuffer; };
0x0B47FB4C971B7DA7 { global: sceKernelAvailableDirectMemorySize; };
0x68DCF5D5F9E7CE2E { global: sceKernelAvailableFlexibleMemorySize; };
0x00624C25BA9192E0 { global: sceKernelAvailableToolMemorySize; };
0xC51C2FBDC7D97C73 { global: sceKernelBacktraceSelf; };
0x00D92284C7A6D2AB { global: sceKernelBatchMap; };
0x90127317CC784B21 { global: sceKernelBatchMap2; };
0x1FAF4C62AA4D8C27 { global: sceKernelBeginAppMount; };
0x001D10EA44320698 { global: sceKernelBeginAppMount2; };
0x6A1CBC3525EB49BB { global: sceKernelCallIndirectBuffer; };
0x302759D3A09250E7 { global: sceKernelCallIndirectBuffer2; };
0x3D992EE19AD726A8 { global: sceKernelCancelEventFlag; };
0xE03334E94D813446 { global: sceKernelCancelSema; };
0xB96C96DEFF7CB14E { global: sceKernelCheckReachability; };
0x8705523C29A9E6D3 { global: sceKernelCheckedReleaseDirectMemory; };
0x7E022C435D316150 { global: sceKernelChmod; };
0x37D4ABA4C20DB8BC { global: sceKernelClearBootReqNotifyCount; };
0xEEE8411564404BAD { global: sceKernelClearEventFlag; };
0x12026A0BEF559AF3 { global: sceKernelClearGameDirectMemory; };
0xC1161503966896CA { global: sceKernelClockGetres; };
0x4018BB1C22B4DE1C { global: sceKernelClockGettime; };
0x50AD939760D6527B { global: sceKernelClose; };
0x27946ACD9EE73157 { global: sceKernelCloseEport; };
0x00B3D45AC6E92ECD { global: sceKernelCloseEventFlag; };
0x1C1914932D8F64F0 { global: sceKernelCloseSema; };
0x009F5BFA16053B31 { global: sceKernelConfiguredFlexibleMemorySize; };
0xD0D4C737534A38D2 { global: sceKernelConvertLocaltimeToUtc; };
0x00A39B840E937EA1 { global: sceKernelConvertUtcToLocaltime; };
0x0005569F98CD0637 { global: sceKernelCreateBudget; };
0x285DB9083C459F8F { global: sceKernelCreateEport; };
0x0F439D14C8E9E3A2 { global: sceKernelCreateEqueue; };
0x0691686E8509A195 { global: sceKernelCreateEventFlag; };
0xD7CF31E7B258A748 { global: sceKernelCreateSema; };
0x0014CBE8D1414C7E { global: sceKernelDebugAcquireAndUpdateDebugRegister; };
0x5C40B0828DA76DE9 { global: sceKernelDebugGetAppStatus; };
0x0A07EF403140B585 { global: sceKernelDebugGetPauseCount; };
0x422A631FE555D825 { global: sceKernelDebugGetPrivateLogText; };
0x6899AA8308338CBB { global: sceKernelDebugGetSchedLockMode; };
0x3FD33945FB511C51 { global: sceKernelDebugGetSdkLogText; };
0xFA257016C8D76854 { global: sceKernelDebugGpuPaDebugIsInProgress; };
0xDAD26C0673E2CA5A { global: sceKernelDebugInjectProcessEvent; };
0xF4960DA8DEA300A2 { global: sceKernelDebugOutText; };
0x581D337F231F6239 { global: sceKernelDebugPackageCorrupted; };
0x38C0D128A019F08E { global: sceKernelDebugRaiseException; };
0x00CC4C172198CBA0 { global: sceKernelDebugRaiseExceptionOnReleaseMode; };
0x000CA59361FA2331 { global: sceKernelDebugRaiseExceptionWithContext; };
0x1DB452A5591D545D { global: sceKernelDebugRaiseExceptionWithInfo; };
0x00F2B1CAE9B6EFA8 { global: sceKernelDebugReleaseDebugContext; };
0x2265C8F6A74B7DCD { global: sceKernelDeleteACInfo; };
0x6CC9A2777A5FCA3A { global: sceKernelDeleteAmprEvent; };
0xBECF8A3D2A04EC03 { global: sceKernelDeleteBudget; };
0x3B08E2BEDC9F3835 { global: sceKernelDeleteCpumodeEvent; };
0x1E118043E7DF962C { global: sceKernelDeleteEport; };
0x8E91639A0002E401 { global: sceKernelDeleteEqueue; };
0xF26AA5F4E7109DDE { global: sceKernelDeleteEventFlag; };
0x5265E7807281EA2B { global: sceKernelDeleteFileEvent; };
0xF2C9208165E54AA3 { global: sceKernelDeleteGpuExceptionEvent; };
0x27E2C5E8BC0E6D75 { global: sceKernelDeleteHRTimerEvent; };
0x89219CEE471FF17E { global: sceKernelDeleteProcessFromCanvasMap; };
0x271278B5F80A9570 { global: sceKernelDeleteReadEvent; };
0x7152368735971595 { global: sceKernelDeleteSavedApp; };
0x47526F9FC6D2096F { global: sceKernelDeleteSema; };
0x6164055325C855D5 { global: sceKernelDeleteTimerEvent; };
0x2C90F07523539C38 { global: sceKernelDeleteUserEvent; };
0x70119393C4BDD973 { global: sceKernelDeleteWriteEvent; };
0x047A2E2D0CE1D17D { global: sceKernelDirectMemoryQuery; };
0x641F47667A2E26B7 { global: sceKernelDirectMemoryQueryForId; };
0x2F01BC8379E2AB00 { global: sceKernelDlsym; };
0xBAC1D33281680533 { global: sceKernelEnableDmemAliasing; };
0xBF857BCAF754F73A { global: sceKernelEnableDmemAliasing2; };
0xBE19505CA91015ED { global: sceKernelEnablePthreadObjectCheck; };
0x99DB56E0C9E9E193 { global: sceKernelEndAppMount; };
0x09823363A397C80B { global: sceKernelEndAppMount2; };
0x0F8CA56B7BF1E2D6 { global: sceKernelError; };
0x73B9E86A91C31D65 { global: sceKernelEventLogInit; };
0x1FA6C8376AAF9716 { global: sceKernelEventLogPread; };
0x2FA58B05261F2FA9 { global: sceKernelEventLogRead; };
0x4E6915CF96201E0F { global: sceKernelEventLogWrite; };
0x9917F2AAA920F30F { global: sceKernelExpectedHddFormat; };
0x52DB332561EB0DC0 { global: sceKernelFchmod; };
0x4A8664C599021DAC { global: sceKernelFcntl; };
0xDF4461E22C5B2B2E { global: sceKernelFdatasync; };
0x00603812423EBA01 { global: sceKernelFlock; };
0x00901C023EC6179B { global: sceKernelFstat; };
0x7D3C7AEA5E625880 { global: sceKernelFsync; };
0x00556DD355988CE0 { global: sceKernelFtruncate; };
0x34BAB66F58CE68DD { global: sceKernelFutimes; };
0x5090A786FAB9601B { global: sceKernelGetACInfoAllForCoredump; };
0x61E536DD2CE8DC13 { global: sceKernelGetAllowedSdkVersionOnSystem; };
0xFB1CBD39131B77C5 { global: sceKernelGetAppCategoryType; };
0x0018C62FE5EAD769 { global: sceKernelGetAppInfo; };
0xCEC3335F5DF9A1F5 { global: sceKernelGetAppInfoByAppId; };
0x59808D6CFF90F647 { global: sceKernelGetAppState; };
0xD543A779C365356D { global: sceKernelGetAslrStatus; };
0x08BF432252850A70 { global: sceKernelGetAutoUpdateVersion; };
0x42D2E1B9865FF638 { global: sceKernelGetBackupRestoreMode; };
0x090D5BCE9D5B6B49 { global: sceKernelGetBackupRestoreModeOfNextBoot; };
0xC12C51AC52B32979 { global: sceKernelGetBasicProductShape; };
0xB450F4E03B4963E8 { global: sceKernelGetBetaUpdateTestForRcmgr; };
0x9F416F4F320FA1D3 { global: sceKernelGetBioUsageAll; };
0xA18AFD2FB5920B0C { global: sceKernelGetBootReqNotifyCount; };
0x397F70B728D50096 { global: sceKernelGetBudget; };
0x3A2ECC91CDAA89EC { global: sceKernelGetBuildNumber; };
0x8A49131A0E02B21C { global: sceKernelGetCallRecord; };
0xB550925226FC0B86 { global: sceKernelGetChildApp; };
0x581EBA7AFBBC6EC5 { global: sceKernelGetCompiledSdkVersion; };
0x8E0603F0DD4320B8 { global: sceKernelGetCompiledSdkVersionByPath; };
0xF01AED53D99A586E { global: sceKernelGetCompiledSdkVersionByPid; };
0x107AC8CF12296FE7 { global: sceKernelGetCoredumpAppInfo; };
0x894A219540E219A7 { global: sceKernelGetCpuFrequency; };
0xAA22F87C539B0313 { global: sceKernelGetCpuTemperature; };
0xB2C987F673183B8A { global: sceKernelGetCpuUsage; };
0x4E82128F4ABAF108 { global: sceKernelGetCpuUsageAll; };
0x552E392E736AC82A { global: sceKernelGetCpuUsageProc; };
0x41B7649A14107C83 { global: sceKernelGetCpuUsageProc2; };
0x5E412CE6B1F56D29 { global: sceKernelGetCpuUsageThread; };
0x54EC7C3469875D3B { global: sceKernelGetCpumode; };
0x17D2D9D446C99DFA { global: sceKernelGetCpumodeGame; };
0x8345530717C9CAED { global: sceKernelGetCurrentCpu; };
0xEEC88E7C86DB83C2 { global: sceKernelGetCurrentFanDuty; };
0x00887F2D13AC13A8 { global: sceKernelGetDataTransferMode; };
0x25562DD619474AFA { global: sceKernelGetDebugMenuMiniModeForRcmgr; };
0xA98C2E5DED214C7B { global: sceKernelGetDebugMenuModeForPsmForRcmgr; };
0xA2932249F4C9C89A { global: sceKernelGetDebugMenuModeForRcmgr; };
0x21D42E2C98673C04 { global: sceKernelGetDefaultToolMemorySize; };
0xA4EF7A4F0CCE9B91 { global: sceKernelGetDirectMemorySize; };
0x042F8E1B99BDF9BC { global: sceKernelGetDirectMemoryType; };
0x00C3B537B24F202C { global: sceKernelGetEmergencyErrorLog; };
0x9301B2CA3A21239D { global: sceKernelGetEventData; };
0x0052E883142F5A51 { global: sceKernelGetEventError; };
0x434AABF40CAA2529 { global: sceKernelGetEventFflags; };
0xDB708F3C8D6DC816 { global: sceKernelGetEventFilter; };
0x989EDA8219A0BDF7 { global: sceKernelGetEventId; };
0xBF3FA9836CDDA292 { global: sceKernelGetEventUserData; };
0xC090016B55F8F9E7 { global: sceKernelGetExecutableModuleHandle; };
0x380EF1A460CBF2C6 { global: sceKernelGetExtLibcHandle; };
0x007150B8257C696E { global: sceKernelGetFakeFinalizeMenuForRcmgr; };
0xBF42F9CFBEEB909E { global: sceKernelGetFirstImageAddr; };
0x2C955C3FED304489 { global: sceKernelGetFlagedUpdaterForRcmgr; };
0xC1EE6DE55E0573BD { global: sceKernelGetForceUpdateModeForRcmgr; };
0x2467D330139D509A { global: sceKernelGetFsSandboxRandomWord; };
0xE285D87BD5E69344 { global: sceKernelGetGPI; };
0xEACCB763D423389C { global: sceKernelGetGPO; };
0x65326264F66F364E { global: sceKernelGetHwFeatureInfoForDecid; };
0x242EC8EC9D5B9654 { global: sceKernelGetHwModelName; };
0x3E01AF7BD12F84F1 { global: sceKernelGetHwSerialNumber; };
0x0095919694AC51A9 { global: sceKernelGetIdPs; };
0xD98B07B5BBC2AE0B { global: sceKernelGetIdTableCurrentCount; };
0x5B0D86A606B8E597 { global: sceKernelGetIoreq; };
0x78F452399B2BA084 { global: sceKernelGetIpcPath; };
0x948C39955BAC2974 { global: sceKernelGetKnobs; };
0x432AF171D06B6F43 { global: sceKernelGetKqueueFromEqueue; };
0x0262749A7DA5E253 { global: sceKernelGetLibkernelTextLocation; };
0xD2F4E7E480CC53D0 { global: sceKernelGetMainSocId; };
0xF6EAD52ECEA8BD09 { global: sceKernelGetMemoryPstate; };
0x914A60AD722BCFB4 { global: sceKernelGetModuleInfo; };
0x420B0A1147E4A8C0 { global: sceKernelGetModuleInfo2; };
0x4694092552938853 { global: sceKernelGetModuleInfoForUnwind; };
0x7FB28139A7F2B17A { global: sceKernelGetModuleInfoFromAddr; };
0x1D93BBC4EA2CE317 { global: sceKernelGetModuleInfoInternal; };
0x22EC6752E5E4E818 { global: sceKernelGetModuleList; };
0x673CC2DD91950247 { global: sceKernelGetModuleList2; };
0xBBE9A55245A95376 { global: sceKernelGetModuleListInternal; };
0x0CB39172BA14A9B7 { global: sceKernelGetOpenPsId; };
0xBA5E7B86F9BA9817 { global: sceKernelGetOpenPsIdForSystem; };
0xB59DB2A6563C3016 { global: sceKernelGetPageTableStats; };
0x352C3A6C472BB56A { global: sceKernelGetPagingStatsOfAllObjects; };
0xEE1B0CAB8A33D127 { global: sceKernelGetPagingStatsOfAllThreads; };
0x4FC665A2309D38DD { global: sceKernelGetParentApp; };
0x00673C6CB6CA26F7 { global: sceKernelGetPhysPageSize; };
0x04319CF2886EBDE5 { global: sceKernelGetPrefixVersion; };
0xF79F6AADACCF22B8 { global: sceKernelGetProcParam; };
0x022F829803B6C39E { global: sceKernelGetProcessAbiType; };
0x7D42512C46C93AE4 { global: sceKernelGetProcessName; };
0xE09DAC5099AE1D94 { global: sceKernelGetProcessTime; };
0x7E0C6731E4CD52D6 { global: sceKernelGetProcessTimeCounter; };
0x04DA30C76979F3C1 { global: sceKernelGetProcessTimeCounterFrequency; };
0xFA0F943FC3F27E6A { global: sceKernelGetProcessType; };
0xE0FD5ED3599B7A70 { global: sceKernelGetProcessTypeOfBudget; };
0xA720320D5A433A1C { global: sceKernelGetProductCode; };
0xB652EEF8AAB38036 { global: sceKernelGetProductStr; };
0x68C2F5F19D09D2DD { global: sceKernelGetProsperoSystemSwVersion; };
0x2F4BF61A8E633AE3 { global: sceKernelGetPrtAperture; };
0x7BE3825CD0504400 { global: sceKernelGetPs4SystemSwVersion; };
0x0B696D10920B2061 { global: sceKernelGetPsmIntdevModeForRcmgr; };
0x668B52795BA365A5 { global: sceKernelGetPsnAccessTraceLogForRcmgr; };
0xE7C19F1C17F0A4E6 { global: sceKernelGetQafExpirationTimeNotafterForRcmgr; };
0x419DD658886D35B1 { global: sceKernelGetQafExpirationTimeNotbeforeForRcmgr; };
0x1F4863F15E9F2709 { global: sceKernelGetQafGenerationForRcmgr; };
0xA899D971A0EB66F2 { global: sceKernelGetQafNameForRcmgr; };
0xF6D84AC81CF2011E { global: sceKernelGetRenderingMode; };
0x437D30E3A5AD610C { global: sceKernelGetResidentCount; };
0x6BB0CCFB97039008 { global: sceKernelGetResidentFmemCount; };
0xF3940C2AC9E7B36A { global: sceKernelGetResource; };
0x004B6E12877AA79B { global: sceKernelGetResourceLimit; };
0x4D0C5BAF13DD2315 { global: sceKernelGetResourceOne; };
0x6E641A8AF72D5E8E { global: sceKernelGetSafemode; };
0x6EDD0F38451975D1 { global: sceKernelGetSanitizerMallocReplace; };
0xA72E8BF2389500DF { global: sceKernelGetSanitizerMallocReplaceExternal; };
0x1782A26F731BD302 { global: sceKernelGetSanitizerNewReplace; };
0x6E7671620005780D { global: sceKernelGetSanitizerNewReplaceExternal; };
0x00B5214A738DD800 { global: sceKernelGetSocClock; };
0x080E637036F6BD82 { global: sceKernelGetSocPowerConsumption; };
0xCF32B2BE810B7F82 { global: sceKernelGetSocSensorTemperature; };
0xDCA21BC71550BFCE { global: sceKernelGetSpecialIForRcmgr; };
0xA2ED86C8027027E4 { global: sceKernelGetSubsysId; };
0xD88E5E488C66E0D8 { global: sceKernelGetSubsysSubId; };
0x9A96C6212349EA0A { global: sceKernelGetSystemExVersion; };
0x007C53207011C105 { global: sceKernelGetSystemLevelDebuggerModeForRcmgr; };
0xDC40C5A1610228E8 { global: sceKernelGetSystemSwBeta; };
0x32FD7350E6C7BD72 { global: sceKernelGetSystemSwVersion; };
0xE2F919C0325B331D { global: sceKernelGetThreadName; };
0x39DD2E3096685568 { global: sceKernelGetTraceMemoryStats; };
0x00D63DD2DE7B535B { global: sceKernelGetTscFrequency; };
0x1AB762CAC3C2A7E3 { global: sceKernelGetUniversalMode; };
0xAD33580A47DFA2B8 { global: sceKernelGetUpdVersion; };
0x4E828A7C2F2D2889 { global: sceKernelGetUtokenDataExecutionForRcmgr; };
0xF0F190759162A054 { global: sceKernelGetUtokenExpirationTimeNotafterForRcmgr; };
0x1EDC287B9B6F3588 { global: sceKernelGetUtokenExpirationTimeNotbeforeForRcmgr; };
0x31A08A48E403B725 { global: sceKernelGetUtokenFakeSharefactoryForRcmgr; };
0xD3254935C32AC979 { global: sceKernelGetUtokenFlagedUpdaterForRcmgr; };
0xF97B990FD1D5D29E { global: sceKernelGetUtokenNpEnvSwitchingForRcmgr; };
0x55BAD36A65BA749B { global: sceKernelGetUtokenSaveDataRepairForRcmgr; };
0xD0DC894C2256BAE9 { global: sceKernelGetUtokenStoreModeForRcmgr; };
0x6F472BCB16933389 { global: sceKernelGetUtokenUseSoftwagnerForAcmgr; };
0x568D6A793E0963A2 { global: sceKernelGetUtokenUseSoftwagnerForRcmgr; };
0x4F5B7AF09C0FA8C1 { global: sceKernelGetUtokenWeakenedPortRestrictionForRcmgr; };
0x85E88EA714B5662A { global: sceKernelGetVrCaptureSize; };
0x8F6008A92A893F4C { global: sceKernelGetdents; };
0xB5A4568532454E01 { global: sceKernelGetdirentries; };
0x7A37A471A35036AD { global: sceKernelGettimeofday; };
0x90E7277ABCA99D00 { global: sceKernelGettimezone; };
0x1F9F53ED8BCA2393 { global: sceKernelGiveDirectMemoryToMapper; };
0xACD46D9B5BA2A326 { global: sceKernelHasNeoMode; };
0xDC1F3CDB4C0BC829 { global: sceKernelHwGetBdDriveInfo; };
0x009736DAC4DCEBB8 { global: sceKernelHwHasOpticalOut; };
0xFA87EB12FD5A014D { global: sceKernelHwHasWlanBt; };
0xD70C45164DF12210 { global: sceKernelIccControlBDPowerState; };
0x66AC4F50C8AC3646 { global: sceKernelIccControlUSBPowerState; };
0x00CCB12E494FA197 { global: sceKernelIccGetBDPowerState; };
0x9037D6BC7647DDE3 { global: sceKernelIccGetBootTimestamp; };
0xD4D95B3715B39FB5 { global: sceKernelIccGetCPMode; };
0x0053434A96B8E160 { global: sceKernelIccGetCountTime; };
0x67B36847D9B9495A { global: sceKernelIccGetCpuInfoBit; };
0xF13A8CCC8820B617 { global: sceKernelIccGetErrLog; };
0x0BE8BD8096380352 { global: sceKernelIccGetHwInfo; };
0xB424331B4882F33C { global: sceKernelIccGetPowerNumberOfBootShutdown; };
0x3C0E99C10339B4D4 { global: sceKernelIccGetPowerOperatingTime; };
0xC179B1FAF37CA6E1 { global: sceKernelIccGetPowerUpCause; };
0x2F6D4F045C2A2223 { global: sceKernelIccGetSysEventLog; };
0xCC49A2EB3BDE8B69 { global: sceKernelIccGetThermalAlert; };
0x36D380FB4440A418 { global: sceKernelIccGetUSBPowerState; };
0xA96A067B65EAC15C { global: sceKernelIccIndicatorBootDone; };
0x8105F1CF52282F95 { global: sceKernelIccIndicatorShutdown; };
0xF7C2D5F5D4B616FC { global: sceKernelIccIndicatorStandby; };
0x0000000000000000 { global: sceKernelIccIndicatorStandbyBoot; };
0x1327B59600A3F72A { global: sceKernelIccIndicatorStandbyShutdown; };
0xC0D786B0D7ACE5C9 { global: sceKernelIccNotifyBootStatus; };
0xC578F4AE73546089 { global: sceKernelIccNvsFlush; };
0xD2090674F93C757C { global: sceKernelIccReadPowerBootMessage; };
0x881436A26953BA5B { global: sceKernelIccSetBuzzer; };
0x85CD06156C12AD1E { global: sceKernelIccSetCPMode; };
0x44FF489933437CFF { global: sceKernelIccSetCpuInfoBit; };
0xA38348DB0A4585B2 { global: sceKernelIccSetDownloadMode; };
0x5A4C0477737BC346 { global: sceKernelInstallExceptionHandler; };
0x2FB6A3EDC6A3F3EB { global: sceKernelInternalGetKmemStatistics; };
0x9F69F28512F9B948 { global: sceKernelInternalGetMapStatistics; };
0xADBF09280AEBCDCD { global: sceKernelInternalHeapPrintBacktraceWithModuleInfo; };
0xC402807BA90593DD { global: sceKernelInternalMapDirectMemory; };
0xD2DB551E33D62EC1 { global: sceKernelInternalMapNamedDirectMemory; };
0xAE312E3349DBF318 { global: sceKernelInternalMemoryGetAvailableSize; };
0x006135BEA9773709 { global: sceKernelInternalMemoryGetModuleSegmentInfo; };
0xD6F084CBC10FFA07 { global: sceKernelInternalResumeDirectMemoryRelease; };
0x00DFE1391056710E { global: sceKernelInternalSuspendDirectMemoryRelease; };
0x8E1FBC5E22B82DE1 { global: sceKernelIsAddressSanitizerEnabled; };
0xA14E21E2805EDA5D { global: sceKernelIsAllowedToSelectDvdRegion; };
0x71B9FD0E2D358F49 { global: sceKernelIsAuthenticNeo; };
0xF1A08E086A119142 { global: sceKernelIsCEX; };
0x002B4653089C05AC { global: sceKernelIsDebuggerAttached; };
0x40D8C651D8F51CF3 { global: sceKernelIsDevKit; };
0x0752BDF2E6E4E95F { global: sceKernelIsExperimentalBeta; };
0xB6CDB93349A9DAE6 { global: sceKernelIsGenuineCEX; };
0x9457F7514F35D6FE { global: sceKernelIsGenuineDevKit; };
0x1F9E1C483BE3AF22 { global: sceKernelIsGenuineKratosCex; };
0xBB787BEC6FAD1557 { global: sceKernelIsGenuineN; };
0x4B85D6286169F9B7 { global: sceKernelIsGenuineTestKit; };
0x00C5EBA957CC242A { global: sceKernelIsInSandbox; };
0x9A23DAEAF480AA8B { global: sceKernelIsKratos; };
0x982E7BC9E802D38D { global: sceKernelIsM2DeviceAttached; };
0x269EFA77451225E3 { global: sceKernelIsMainOnStanbyMode; };
0xBD9B1EAFACAC49B3 { global: sceKernelIsMainOnStandbyMode; };
0xDB5FAB6FBC4E9499 { global: sceKernelIsModuleLoaded; };
0x5AC95C2B51507062 { global: sceKernelIsNeoMode; };
0x9A9C4076A5BB74A6 { global: sceKernelIsProspero; };
0x62BC28AB76ED8B77 { global: sceKernelIsPs4Process; };
0xC83070540A250E08 { global: sceKernelIsStack; };
0x00D4254FEC45852A { global: sceKernelIsTestKit; };
0x311DB6D4CC28D0F7 { global: sceKernelJitCreateAliasOfSharedMemory; };
0x6AFBC9DC9D07D046 { global: sceKernelJitCreateSharedMemory; };
0xF72C65BD444953A5 { global: sceKernelJitGetSharedMemoryInfo; };
0x60A4F8F5338B416B { global: sceKernelJitMapSharedMemory; };
0x009B9CC3BC32CB8E { global: sceKernelKernelHeapUsage; };
0xC33BEA4F852A297F { global: sceKernelLoadStartModule; };
0x1A0DFEC962FA0D65 { global: sceKernelLoadStartModuleForSysmodule; };
0x6359C4A640A278E6 { global: sceKernelLoadStartModuleInternalForMono; };
0x00A226FBE85D767E { global: sceKernelLseek; };
0x2C56F063CAF9D28F { global: sceKernelLwfsAllocateBlock; };
0xB363E346AE01CBD5 { global: sceKernelLwfsLseek; };
0x4F8A2C691DC40E42 { global: sceKernelLwfsSetAttribute; };
0x907392F92B76CBB3 { global: sceKernelLwfsTrimBlock; };
0x14D8A00D7F6E7B48 { global: sceKernelLwfsWrite; };
0x002D0DCB12321B80 { global: sceKernelMapDirectMemory; };
0x0504278A8963F6D4 { global: sceKernelMapDirectMemory2; };
0x21620105D4C78ADE { global: sceKernelMapFlexibleMemory; };
0x35C6965317CC3484 { global: sceKernelMapNamedDirectMemory; };
0x98BF0D0C7F3A8902 { global: sceKernelMapNamedFlexibleMemory; };
0x91CF8B1042186A47 { global: sceKernelMapNamedSystemFlexibleMemory; };
0xF1C0250B3A0E8A27 { global: sceKernelMapSanitizerShadowMemory; };
0x774BDECEE3D9C6D8 { global: sceKernelMapToolMemory; };
0x0E90E77CCE92B730 { global: sceKernelMapTraceMemory; };
0xD725D2FA2A81DF04 { global: sceKernelMapperGetParam; };
0x60DF3BF2E29105B1 { global: sceKernelMemoryPoolBatch; };
0x57397AE9699F2EF9 { global: sceKernelMemoryPoolCommit; };
0x2D7A35B6916A246B { global: sceKernelMemoryPoolDecommit; };
0xA8249FA8320B967B { global: sceKernelMemoryPoolExpand; };
0x6EF0FEF7943A6AC5 { global: sceKernelMemoryPoolGetBlockStats; };
0x7B5188717E00958E { global: sceKernelMemoryPoolMove; };
0x00A5443276D19C19 { global: sceKernelMemoryPoolReserve; };
0x00D4B14B991171C4 { global: sceKernelMkdir; };
0x00DE4EA4C7338E49 { global: sceKernelMlock; };
0x11FAA62A48AB245D { global: sceKernelMlockall; };
0x003C68501DD773BF { global: sceKernelMmap; };
0xBD23009B77316136 { global: sceKernelMprotect; };
0x0E435E6F1989C952 { global: sceKernelMsync; };
0xF5B7DD2C8CAEC026 { global: sceKernelMtypeprotect; };
0xC502087C9F3AD2C9 { global: sceKernelMunlock; };
0x96F0FBD633F63279 { global: sceKernelMunlockall; };
0x71091EF54B8140E9 { global: sceKernelMunmap; };
0x42FB19C689AF507B { global: sceKernelNanosleep; };
0x281ED5736FB94B9E { global: sceKernelNormalizePath; };
0xBF72D79A75955979 { global: sceKernelNotifyAppEvent; };
0xDB3D5392BAA1F231 { global: sceKernelNotifyAppStateChanged; };
0x86312B1D3D42C093 { global: sceKernelNotifySystemSuspendResumeProgress; };
0x0075AEB2AB419B2E { global: sceKernelNotifySystemSuspendStart; };
0xD46DE51751A0D64F { global: sceKernelOpen; };
0xC226D679DEFC1B26 { global: sceKernelOpenEport; };
0xD6F0DA7A7989B720 { global: sceKernelOpenEventFlag; };
0x007D329D2A127AD6 { global: sceKernelOpenInternal; };
0x33084734A7415EAF { global: sceKernelOpenSema; };
0xF65BE3E438C76620 { global: sceKernelPollEventFlag; };
0xD76C0E1E4F32C1BD { global: sceKernelPollSema; };
0xFABDEB305C08B55E { global: sceKernelPread; };
0xC938FAD88EE4C38B { global: sceKernelPreadv; };
0xF55254089AF10494 { global: sceKernelPrepareDirectMemorySwap; };
0x0000000000000000 { global: sceKernelPrepareToResumeProcess; };
0xE627C062C16CA4C3 { global: sceKernelPrepareToSuspendProcess; };
0x5A5DA8E6139565DC { global: sceKernelPrintBacktraceWithModuleInfo; };
0x9358C89051DAF4E5 { global: sceKernelProtectDirectMemory; };
0x00701A7401DDB82C { global: sceKernelProtectDirectMemoryForPID; };
0x009CA5A23761C157 { global: sceKernelPwrite; };
0x98177801F2CFFAEF { global: sceKernelPwritev; };
0x58571F2F697389DA { global: sceKernelQueryMemoryProtection; };
0x00F2A1DF71478D6E { global: sceKernelQueryToolMemory; };
0xFBC1827AAE37A3B7 { global: sceKernelQueryTraceMemory; };
0x8A5D379E5B8A7CC9 { global: sceKernelRaiseException; };
0xA76B2E4424782AA1 { global: sceKernelRandomizedPath; };
0x2F121A72B5A2277C { global: sceKernelRdup; };
0x0A0E2CAD9E9329B5 { global: sceKernelRead; };
0x0000D8845408E3CC { global: sceKernelReadTsc; };
0x42AC417AD8091FE8 { global: sceKernelReadv; };
0x6D7C550C3DD5B967 { global: sceKernelReboot; };
0x301B88B6F6DAEB3F { global: sceKernelReleaseDirectMemory; };
0xB5E888B4BD9BA05C { global: sceKernelReleaseFlexibleMemory; };
0x80EF7C362A0DE453 { global: sceKernelReleaseToolMemory; };
0x025A9AF511346399 { global: sceKernelReleaseTraceDirectMemory; };
0x421BF90110283847 { global: sceKernelRemoveExceptionHandler; };
0xE7635C614F7E944A { global: sceKernelRename; };
0x334CFA0EBE933673 { global: sceKernelReportUnpatchedFunctionCall; };
0x563591EA0F6A2F69 { global: sceKernelReserve2mbPage; };
0xE33521D641AE6A2C { global: sceKernelReserveSystemDirectMemory; };
0xEE8C6FDCF3C2BA6A { global: sceKernelReserveVirtualRange; };
0x05CD12EC2DB2D0D8 { global: sceKernelRestoreApp; };
0x3D2E61C71184541F { global: sceKernelResumeDirectMemoryRelease; };
0x899E62B7EDCB1903 { global: sceKernelResumeProcess; };
0x9DA22752362DDECA { global: sceKernelRmdir; };
0x29FD74B2A84EA116 { global: sceKernelRtldControl; };
0x0001255BED8A51E1 { global: sceKernelSandboxPath; };
0xBAAD62995EF8B41B { global: sceKernelSaveApp; };
0xCE5EE1BA948ED02D { global: sceKernelSendNotificationRequest; };
0x0A4A2653E198090F { global: sceKernelSetAppInfo; };
0x414E7B902C05F355 { global: sceKernelSetAppState; };
0xF7144892A9CD89B1 { global: sceKernelSetBackupRestoreMode; };
0x5747B2E55CF917B9 { global: sceKernelSetBaseModeClock; };
0x592EEE3D3674582B { global: sceKernelSetBesteffort; };
0x73C277BB1C504E5E { global: sceKernelSetBootReqNotify; };
0x9F3B8A4E6A901576 { global: sceKernelSetBudget; };
0x3FA7541175075E3A { global: sceKernelSetCallRecord; };
0x15E04E9CC126D126 { global: sceKernelSetCompressionAttribute; };
0xF4B05C577AD2D744 { global: sceKernelSetCoredumpAppInfo; };
0x282C1750A4F6EBD2 { global: sceKernelSetCpumodeGame; };
0xFAB48D2B353E68D4 { global: sceKernelSetDataTransferMode; };
0x0CE733DFB8D1EDD9 { global: sceKernelSetEmergencyErrorLog; };
0x20E9D2BC7CEABBA0 { global: sceKernelSetEventFlag; };
0x56306D83906D97DE { global: sceKernelSetFsstParam; };
0xAF312C0BCD60BAB7 { global: sceKernelSetGPI; };
0x71AEEFE82C6E973B { global: sceKernelSetGPO; };
0x7A3EC31990E1B809 { global: sceKernelSetGameDirectMemoryLimit; };
0xE27029E296605750 { global: sceKernelSetGpuCu; };
0x11EDCB3C55C4BC0D { global: sceKernelSetIoreq; };
0x93289F272A5662B3 { global: sceKernelSetKnobs; };
0x035CCE0B5ECBF348 { global: sceKernelSetMemoryPstate; };
0x100E1B9A09B4DA8F { global: sceKernelSetNeoModeClock; };
0x265C9B5986F329C6 { global: sceKernelSetPackageInfo; };
0x0432D2C87EF2E8CA { global: sceKernelSetPhysFmemLimit; };
0xF14558C32D05D879 { global: sceKernelSetProcessName; };
0x005B8C48E5A548F3 { global: sceKernelSetProcessProperty; };
0x5391C6EB00F8B265 { global: sceKernelSetProcessPropertyString; };
0x0000000000000000 { global: sceKernelSetPrtAperture; };
0x0002C25DAB252E32 { global: sceKernelSetSafemode; };
0x00DA61F8D9A90089 { global: sceKernelSetSafemodeDirect; };
0x008A17F1B8C89E92 { global: sceKernelSetSuspendState; };
0x731764957B5072A0 { global: sceKernelSetTimezoneInfo; };
0x0012FC267C9B1011 { global: sceKernelSetUpdatemode; };
0x0C6306DC9B21AD95 { global: sceKernelSetVirtualRangeName; };
0x0047B5E3B61F7782 { global: sceKernelSetVmContainer; };
0x000A108E0A13D460 { global: sceKernelSettimeofday; };
0x5D0D40F553C88A05 { global: sceKernelSflashGetWritePrio; };
0x5FBF6E53EB1991D4 { global: sceKernelSflashSetWritePrio; };
0xE1CCE9A47062AE2C { global: sceKernelSignalSema; };
0x00651FA11BB6831F { global: sceKernelSleep; };
0xF0A0CC7EE97B8356 { global: sceKernelSlvNotifyError; };
0xA888D22997D69392 { global: sceKernelSpawn; };
0x795F70003DAB8880 { global: sceKernelStat; };
0x40A774A8CE7C41EB { global: sceKernelStopUnloadModule; };
0x2A2742E5AA56484A { global: sceKernelStreamWriteActivate; };
0x337111E1A4198A69 { global: sceKernelStreamWriteCreate; };
0xC0F0E01745C822A4 { global: sceKernelStreamWriteDeactivate; };
0xC5F9BB6C688220F8 { global: sceKernelStreamWriteDelete; };
0x45959B6385870300 { global: sceKernelStreamWriteRead; };
0x0C1F9D3A013058EB { global: sceKernelStreamWriteStat; };
0x46C8B2BC15F1DC1B { global: sceKernelStreamWriteWrite; };
0x0BCC22F103944109 { global: sceKernelSuspendDirectMemoryRelease; };
0x36F4580E7B3C61D7 { global: sceKernelSuspendProcess; };
0xC9E5BC609E13ECAE { global: sceKernelSuspendSystem; };
0x0028AE81EF66028E { global: sceKernelSwitchToBaseMode; };
0x3A9E44E2DCD2A225 { global: sceKernelSwitchToNativeMode; };
0xF8355CAB8605E978 { global: sceKernelSwitchToNeoMode; };
0xBAF4F68980419E46 { global: sceKernelSync; };
0x5629E5080F15920F { global: sceKernelTerminateProcess; };
0x85437BDA8717EA03 { global: sceKernelTerminateSysCore; };
0xD7271AE15BDF70D0 { global: sceKernelTitleWorkaroundIsEnabled; };
0x1924F8DA97D47CC7 { global: sceKernelTitleWorkdaroundIsEnabled; };
0x784493A2090230F1 { global: sceKernelTraceMemoryTypeProtect; };
0x008AC5D08583D169 { global: sceKernelTriggerEport; };
0x17A7B4930A387279 { global: sceKernelTriggerUserEvent; };
0x005A5C8402C2C37F { global: sceKernelTruncate; };
0x000145D5C5678950 { global: sceKernelUnlink; };
0xD637D72D15738AC7 { global: sceKernelUsleep; };
0xD02ABC8A92ABF67D { global: sceKernelUtimes; };
0x5E3A28B22C3E5CF2 { global: sceKernelUuidCreate; };
0xAD58D1BC72745FA7 { global: sceKernelVirtualQuery; };
0x7FBEEA97121BAAED { global: sceKernelVirtualQueryAll; };
0xDC6A813C0A5680F6 { global: sceKernelWaitCommandBufferCompletion; };
0x7F3C8C2ACF648A6D { global: sceKernelWaitEqueue; };
0x253BC17E58586B34 { global: sceKernelWaitEventFlag; };
0x6716B45614154EC9 { global: sceKernelWaitSema; };
0xE304B37BDD8184B2 { global: sceKernelWrite; };
0xAF2F88DDF82B91F1 { global: sceKernelWriteEventQueueOnCompletionCommand; };
0xDD9380F0F7FA261A { global: sceKernelWriteMapCommand; };
0xE5BDD9AA5C49F961 { global: sceKernelWriteMapCommand2; };
0xDCCF2344E718CE3B { global: sceKernelWriteMapDirectCommand; };
0xB4D6838C86D53B07 { global: sceKernelWriteMapDirectWithGpuMaskIdCommand; };
0x0018D840654365C1 { global: sceKernelWriteMapWithGpuMaskIdCommand; };
0x0086B108C160CA9B { global: sceKernelWriteModifyMtypeProtectCommand; };
0x00AE6E633B1499CD { global: sceKernelWriteModifyMtypeProtectWithGpuMaskIdCommand; };
0x078C483EA79138D2 { global: sceKernelWriteModifyProtectCommand; };
0xDB32F0F46C2BB722 { global: sceKernelWriteModifyProtectWithGpuMaskIdCommand; };
0x00B09AC5776B8BD1 { global: sceKernelWriteMultiMapCommand; };
0x1D8CE425BE357DC1 { global: sceKernelWriteMultiMapWithGpuMaskIdCommand; };
0x5593D769AC69F717 { global: sceKernelWriteRemapCommand; };
0x1B9B45840AAB0938 { global: sceKernelWriteRemapWithGpuMaskIdCommand; };
0x235D753CF9F6835F { global: sceKernelWriteSdkEventLog; };
0xD910554968F32FBE { global: sceKernelWriteSdkEventLogV; };
0x004F2CECA07BF1F2 { global: sceKernelWriteUnmapCommand; };
0xEB1577BB5217F616 { global: sceKernelWriteWaitOnAddressCommand; };
0x33D3CD50DE108D00 { global: sceKernelWriteWaitOnCounterCommand; };
0xE50AE6F56BDD410E { global: sceKernelWriteWriteAddressCommand; };
0x48845D8041F7C00E { global: sceKernelWriteWriteCounterCommand; };
0x900B7A5436C79ABA { global: sceKernelWritev; };
0x06D277807DF7C6CB { global: sceKernelYieldCpumode; };
0xA62F7436C1B7CCF0 { global: sceLibcMspaceCreateForMonoMutex; };
0x8B5911116DA9721B { global: scePthreadAtfork; };
0xEB6282C04326CDC3 { global: scePthreadAttrDestroy; };
0xC755FBE9AAD83315 { global: scePthreadAttrGet; };
0xF3EB39073663C528 { global: scePthreadAttrGetaffinity; };
0x25A44CCBE41CA5E5 { global: scePthreadAttrGetdetachstate; };
0xB711ED9E027E7B27 { global: scePthreadAttrGetguardsize; };
0x96930FF0786405B8 { global: scePthreadAttrGetinheritsched; };
0x1573D61CD93C39FD { global: scePthreadAttrGetschedparam; };
0x34CC8843D5A059B5 { global: scePthreadAttrGetschedpolicy; };
0xFBB07600428A9ECF { global: scePthreadAttrGetscope; };
0x00F519CB9B4F9D89 { global: scePthreadAttrGetsolosched; };
0x00AAE3DAE1210953 { global: scePthreadAttrGetstack; };
0x46EDFA7E24ED2730 { global: scePthreadAttrGetstackaddr; };
0x007C0FBB66518342 { global: scePthreadAttrGetstacksize; };
0x9EC628351CB0C0D8 { global: scePthreadAttrInit; };
0xDEAC603387B31130 { global: scePthreadAttrSetaffinity; };
0x199491D0EA1A7BD4 { global: scePthreadAttrSetcreatesuspend; };
0x005AB7A9AEDBB442 { global: scePthreadAttrSetdetachstate; };
0x125F9C436D03CA75 { global: scePthreadAttrSetguardsize; };
0x7976D44A911A4EC0 { global: scePthreadAttrSetinheritsched; };
0x0F3112F61405E1FE { global: scePthreadAttrSetschedparam; };
0xE3E87D133C0A1782 { global: scePthreadAttrSetschedpolicy; };
0x61D65F1197D19CF9 { global: scePthreadAttrSetscope; };
0x000E4E8509323EED { global: scePthreadAttrSetsolosched; };
0x06F9FBE2F8FAA0BA { global: scePthreadAttrSetstack; };
0x17EC9F99DB88041F { global: scePthreadAttrSetstackaddr; };
0x5135F325B5A18531 { global: scePthreadAttrSetstacksize; };
0x1EE741D89BF630F6 { global: scePthreadBarrierDestroy; };
0xE5D80E10FB041AAC { global: scePthreadBarrierInit; };
0xB7DBD5C93825A874 { global: scePthreadBarrierWait; };
0x00A138F80EA24763 { global: scePthreadBarrierattrDestroy; };
0x4A4BAD0ED82A27D8 { global: scePthreadBarrierattrGetpshared; };
0x483915F7184834A2 { global: scePthreadBarrierattrInit; };
0x3697E970B7F93D83 { global: scePthreadBarrierattrSetpshared; };
0xA810E6A42C86B2C1 { global: scePthreadCancel; };
0x246823ED4BEB97E0 { global: scePthreadCondBroadcast; };
0x83E3D977686269C8 { global: scePthreadCondDestroy; };
0xD936FDDAABA9AE5D { global: scePthreadCondInit; };
0x0090384D7F180CB4 { global: scePthreadCondSignal; };
0x00A3AF51A5838CBB { global: scePthreadCondSignalto; };
0x06632363199EC35C { global: scePthreadCondTimedwait; };
0x58A0172785C13D0E { global: scePthreadCondWait; };
0xC1A3DCC58891DD60 { global: scePthreadCondattrDestroy; };
0xEAA33790EE52DCEA { global: scePthreadCondattrGetclock; };
0x000E70D15A2F6DE7 { global: scePthreadCondattrGetpshared; };
0x009B9D9BB0D7EFEE { global: scePthreadCondattrInit; };
0x0071BC63D36EDCCE { global: scePthreadCondattrSetclock; };
0xEB131EC3DFAB6702 { global: scePthreadCondattrSetpshared; };
0xE9482DC15FB4CDBE { global: scePthreadCreate; };
0xE2A1AB47A7A83FD6 { global: scePthreadDetach; };
0xDCFB55EA9DD0357E { global: scePthreadEqual; };
0xDE483BAD3D0D408B { global: scePthreadExit; };
0xADCAD5149B105916 { global: scePthreadGetaffinity; };
0xCCB94B7378763EB9 { global: scePthreadGetconcurrency; };
0xB5614F3EE009C64B { global: scePthreadGetcpuclockid; };
0x1E8C3B07C39EB7A9 { global: scePthreadGetname; };
0xD6D2B21BB465309A { global: scePthreadGetprio; };
0x3F8D644D6512DC42 { global: scePthreadGetschedparam; };
0x7A886DEE640E0A6A { global: scePthreadGetspecific; };
0x0000000000000000 { global: scePthreadGetthreadid; };
0x00A27358F41CA75B { global: scePthreadJoin; };
0x81E0DAAA01FD9538 { global: scePthreadKeyCreate; };
0x3EB747BAE0DE9216 { global: scePthreadKeyDelete; };
0xE796928449437D8E { global: scePthreadMain; };
0x25573BD69D25A45B { global: scePthreadMulti; };
0xD8E7F47FEDE68611 { global: scePthreadMutexDestroy; };
0xE663BE7172006912 { global: scePthreadMutexGetprioceiling; };
0xA4E98D9B244A9481 { global: scePthreadMutexGetspinloops; };
0x0164B73725622FDA { global: scePthreadMutexGetyieldloops; };
0x726A3544862F6BDA { global: scePthreadMutexInit; };
0xA87D605E8ABBD516 { global: scePthreadMutexInitForInternalLibc; };
0x5BA3AB4C13BDE546 { global: scePthreadMutexIsowned; };
0xF542B5BCB6507EDE { global: scePthreadMutexLock; };
0x5C0CD9A35DAC6CDF { global: scePthreadMutexSetprioceiling; };
0xE36624528BA8308D { global: scePthreadMutexSetspinloops; };
0x6CFF9CA859815BE0 { global: scePthreadMutexSetyieldloops; };
0x21A7C8D8FC5C3E74 { global: scePthreadMutexTimedlock; };
0xBA9A15AF330715E1 { global: scePthreadMutexTrylock; };
0xB67DD5943D211BAD { global: scePthreadMutexUnlock; };
0xB2658492D8B2C86D { global: scePthreadMutexattrDestroy; };
0x7AE27DF1820813CC { global: scePthreadMutexattrGetgen; };
0xAC7DA65849DD96E7 { global: scePthreadMutexattrGetkind; };
0x4A08CCA721FD67D2 { global: scePthreadMutexattrGetprioceiling; };
0x1A84E615EBA2FA14 { global: scePthreadMutexattrGetprotocol; };
0x968B04B9B1DCEB87 { global: scePthreadMutexattrGetpshared; };
0x82AB84841AD2DA2C { global: scePthreadMutexattrGettype; };
0x17C6D41F0006DBCE { global: scePthreadMutexattrInit; };
0x9F630CA6F53C8A02 { global: scePthreadMutexattrInitForInternalLibc; };
0x4F956CD43D8F0A55 { global: scePthreadMutexattrSetgen; };
0x51665B5521737B6E { global: scePthreadMutexattrSetkind; };
0xE77D8869082EC0C8 { global: scePthreadMutexattrSetprioceiling; };
0xD451AF5348BDB1A4 { global: scePthreadMutexattrSetprotocol; };
0x9B12B1F5BC571762 { global: scePthreadMutexattrSetpshared; };
0x88CA7C42913E5CEE { global: scePthreadMutexattrSettype; };
0xD786CE00200D4C1A { global: scePthreadOnce; };
0x181518EF2C1D50B1 { global: scePthreadRename; };
0x0C1ECC926F8FAB3C { global: scePthreadResume; };
0xB5EF8C0583330E16 { global: scePthreadResumeAll; };
0x041FA46F4F1397D0 { global: scePthreadRwlockDestroy; };
0xE942C06B47EAE230 { global: scePthreadRwlockInit; };
0x3B1F62D1CECBE70D { global: scePthreadRwlockRdlock; };
0x88FB594562028EB3 { global: scePthreadRwlockTimedrdlock; };
0x0000000000000000 { global: scePthreadRwlockTimedwrlock; };
0x5C3DE60DEC9B0A79 { global: scePthreadRwlockTryrdlock; };
0x6C81E86424E89AC2 { global: scePthreadRwlockTrywrlock; };
0xF8BF7C3C86C6B6D9 { global: scePthreadRwlockUnlock; };
0x9AA74DA2BAC1FA02 { global: scePthreadRwlockWrlock; };
0x8B689F6777D2D9FA { global: scePthreadRwlockattrDestroy; };
0x2DC3990471AA6C59 { global: scePthreadRwlockattrGetpshared; };
0x2B296CD42845CAB7 { global: scePthreadRwlockattrGettype; };
0x00C8E7C6808D5920 { global: scePthreadRwlockattrInit; };
0x0066F407D7C8F5D1 { global: scePthreadRwlockattrSetpshared; };
0x0084E89F8A8B8177 { global: scePthreadRwlockattrSettype; };
0x688F8E782CFCC6B4 { global: scePthreadSelf; };
0x57073E2F4E5EEA81 { global: scePthreadSemDestroy; };
0x0E3A41BC695A59B4 { global: scePthreadSemGetvalue; };
0x1849D49036685306 { global: scePthreadSemInit; };
0x6A2B215408856983 { global: scePthreadSemPost; };
0x7E337A3501E12BC9 { global: scePthreadSemTimedwait; };
0x1F66BE20DF533F41 { global: scePthreadSemTrywait; };
0x0B7EA2444D05E6C1 { global: scePthreadSemWait; };
0x8B7B41E82BAF1DBE { global: scePthreadSetBesteffort; };
0x00A1567E2A06491A { global: scePthreadSetDefaultstacksize; };
0x5DE4EAC3ED19975D { global: scePthreadSetName; };
0x6EDDC24C12A61B22 { global: scePthreadSetaffinity; };
0x380996ABE3874A3C { global: scePthreadSetcancelstate; };
0xB0225DF7D3E172DD { global: scePthreadSetcanceltype; };
0x81D9EFEB017A8702 { global: scePthreadSetconcurrency; };
0x5B41E99B65F4B8F1 { global: scePthreadSetprio; };
0xA084454E3A082DB8 { global: scePthreadSetschedparam; };
0xF81CD7624A9878B1 { global: scePthreadSetspecific; };
0x3936F4907ADFD691 { global: scePthreadSingle; };
0xCB098E36417CD689 { global: scePthreadSuspend; };
0x1E5CC7960AA2068F { global: scePthreadSuspendAll; };
0x2DAA486FBF7D4921 { global: scePthreadTestcancel; };
0x1CB5121783A2ECF7 { global: scePthreadTimedjoin; };
0x4FBDA1CFA7DFAB4F { global: scePthreadYield; };
0x0008136D5CEA1E7C { global: sched_get_priority_max; };
0x9B4892EA336C5DDB { global: sched_get_priority_min; };
0x3BA80A97CBAF1B21 { global: sched_getparam; };
0x483EE83422105AF1 { global: sched_getscheduler; };
0x003EBB1169A48E5F { global: sched_rr_get_interval; };
0xC9AC1DCA6FB30EFC { global: sched_setparam; };
0xA6E4FCD82490CC31 { global: sched_setscheduler; };
0xE971B8077DCDD3D8 { global: sched_yield; };
0x4FC7C447EB481A09 { global: select; };
0xE605E7C51FA9754A { global: sem_close; };
0x7035B6DF7440C16A { global: sem_destroy; };
0x0006AF8B45537A1E { global: sem_getvalue; };
0xA43B8F11FDE6E1F2 { global: sem_init; };
0xF8FE854674097351 { global: sem_open; };
0x20A3FCB72A744149 { global: sem_post; };
0xE126EB842A33A905 { global: sem_reltimedwait_np; };
0x00C14820CF64B9CA { global: sem_setname; };
0x00C39207CAF6A182 { global: sem_timedwait; };
0x5815B3B1189F0840 { global: sem_trywait; };
0x3A2BA7625C8952F7 { global: sem_unlink; };
0x602579746181702A { global: sem_wait; };
0x7D939E64838498BC { global: send; };
0x600D2BE0B0A47DE6 { global: sendfile; };
0x68D79ABCF0CD2B30 { global: sendmsg; };
0xA01AF7D773E9A4D1 { global: sendto; };
0x009A6D339EBC63A8 { global: set_phys_fmem_limit; };
0xD95454EF18AA2CEF { global: setcontext; };
0xE282B02A678E2A33 { global: setegid; };
0x1D3C5BEA099EC5AD { global: seteuid; };
0x33C559DE22259B28 { global: setgroups; };
0x84F5831B1F22A174 { global: setitimer; };
0x182A437582B433A5 { global: setlogin; };
0xF1FAF2BCDE810ED6 { global: setpgid; };
0x4D40BDC42D58423B { global: setpriority; };
0x44E20B2D975864F7 { global: setregid; };
0xEB0F2D3E9F9893A1 { global: setreuid; };
0xE17D10C2FB827E37 { global: setrlimit; };
0x79D268A95D85216B { global: setsid; };
0x7C5C469311766D5A { global: setsockopt; };
0x55D5C80C06C9DED4 { global: settimeofday; };
0x0025599467028725 { global: setuid; };
0x42E2586762951864 { global: shm_open; };
0xB4F5AC6CE5063BC9 { global: shm_unlink; };
0x4D4BA2612DA413CB { global: shutdown; };
0x2A22443C4591C946 { global: sigaction; };
0x2548A616D29ED0A7 { global: sigaddset; };
0xB07CE201E815A7BE { global: sigaltstack; };
0x0035DBB4F5515208 { global: sigdelset; };
0x00F85EC285D93BF8 { global: sigemptyset; };
0x5644C0B2B643709D { global: sigfillset; };
0x00267365F17AF3E1 { global: sigismember; };
0xA5E6EA6C4E70B3CB { global: siglongjmp; };
0x5400DCDCC350DDC3 { global: signal; };
0x869A034F3CBD632D { global: sigpending; };
0x68F732A6D6CE899B { global: sigprocmask; };
0x4C91BAB5FFB22656 { global: sigqueue; };
0x9A8D1B1665A9A48C { global: sigreturn; };
0x691A3D0211545DC3 { global: sigsetjmp; };
0x00299E2A96A9699A { global: sigsuspend; };
0x000F6748A09D19B4 { global: sigtimedwait; };
0x9AB6C75EA2BCC248 { global: sigwait; };
0x52AE411AD8606E5E { global: sigwaitinfo; };
0xD30BB7DE1BA735D1 { global: sleep; };
0x004D477D3DF2073C { global: socket; };
0x3196F418A4F79A8F { global: socketpair; };
0x13A6A8DF8C0FC3E5 { global: stat; };
0x9E0667416C94BC62 { global: statfs; };
0x001171F5514072C0 { global: swapcontext; };
0x004007AC0BDDFB28 { global: swapon; };
0xC1A205FB97C4E474 { global: symlink; };
0x007FACA3A2406EE1 { global: symlinkat; };
0x6363AAC0943796BF { global: sync; };
0x0043C76ECF250D9F { global: sysKernelGetIntdevModeForInternalLibc; };
0x10865B550B37F35B { global: sysKernelGetIntdevModeForRcmgr; };
0xEDDBA529C2DCC072 { global: sysKernelGetLowerLimitSysexVersion; };
0x30C4A8FA4F96A746 { global: sysKernelGetLowerLimitUpdVersion; };
0xEA38F6F4C6F2CEE2 { global: sysKernelGetManufacturingMode; };
0x00D54B3AA3C5CE70 { global: sysKernelGetUpdVersion; };
0x6FBB974269DF076B { global: sysarch; };
0x79A8B28480667F7E { global: sysc_e00; };
0x16F52A45A53B8ED8 { global: sysc_m00; };
0x5CF95362DD933A0D { global: sysc_s00; };
0x9A46B0774340F6DB { global: sysconf; };
0x0C598C4FCD3170D2 { global: sysctl; };
0x3210B9DD32A68D50 { global: sysctlbyname; };
0x524115E21BCCA351 { global: sysctlnametomib; };
0x25CE84ECDF9D1F3D { global: system; };
0x6EB186256B196AEC { global: tcdrain; };
0x386F3145A188A6A9 { global: tcflow; };
0x1711D6E4DB845EC6 { global: tcflush; };
0xE6405F678D1B02E9 { global: tcgetattr; };
0xE4E125D66461526D { global: tcgetpgrp; };
0xEE06B7C7EDFAC6B5 { global: tcgetsid; };
0x00BD711D21421994 { global: tcsendbreak; };
0x002DAEF15A3719C1 { global: tcsetattr; };
0x60CB9EB194F24E5E { global: tcsetpgrp; };
0x4BBEAF7C336EE9E2 { global: tcsetsid; };
0x6B2AEDB3323B1818 { global: truncate; };
0x45BEB38892AF0824 { global: umask; };
0x540CECC2F4CE0B32 { global: unlink; };
0xB4215BC35C06AEA9 { global: unlinkat; };
0xB694E1AC1B089EDA { global: unmount; };
0x41CB5E4706EC9D5D { global: usleep; };
0x183B95D34087AD48 { global: utimes; };
0x0039923BB4F8A3A3 { global: utrace; };
0x3E599523041D6AB2 { global: uuidgen; };
0xF6325346B58258AD { global: vfork; };
0x95D55BDE573BE4F1 { global: wait; };
0x34A17817C490CB1E { global: wait3; };
0x5052A9AF0C4D853F { global: wait4; };
0x7539D8AAA2C843A7 { global: waitpid; };
0x14DE2068F9AE155F { global: write; };
0x67668A771CD2E0A1 { global: writev; };
0x00763C713A65BA6B { global: __progname; };
0x7FBB8EC58F663355 { global: __stack_chk_guard; };
0x9D055624418739B7 { global: _sigintr; };
0xFB6B61C58678B329 { global: environ; };
0xF0A1E1F9579F6433 { global: errno; };
