0xBFE0914A9890C953 { global: sceDbgVideoOutAddOutputModeVr60Privilege; };
0xE22CBD846F43BB5B { global: sceVideoOutAddBuffer; };
0xB70AD26A867D709B { global: sceVideoOutAddBuffer4k2kPrivilege; };
0x966FB5A3258AC32D { global: sceVideoOutAddBufferAnisoPrivilege; };
0x30196FF185A8C8E9 { global: sceVideoOutAddBufferAttributeOption; };
0x540962AF9DA0A502 { global: sceVideoOutAddBufferHdrPrivilege; };
0x0F7B3C0E8127B91E { global: sceVideoOutAddBufferYccPrivilege; };
0x0B16F6C3CDADEE5C { global: sceVideoOutAddDisplayPositionEvent; };
0x1EDC127781F64F0B { global: sceVideoOutAddDriver; };
0x1D7CE32BDC88DF49 { global: sceVideoOutAddFlipEvent; };
0x92649EDF4253B3E1 { global: sceVideoOutAddOutputModeEvent; };
0x91E8A9925174A4C6 { global: sceVideoOutAddPreVblankStartEvent; };
0x893F9A15CCC0EDA9 { global: sceVideoOutAddS3dHmdPrivilege; };
0x023B6515AD87470B { global: sceVideoOutAddSetModeEvent; };
0x031D50B370A6F794 { global: sceVideoOutAddStereoBuffer; };
0x5EBBBDDB01C94668 { global: sceVideoOutAddVblankEvent; };
0xF0B7F8169D53C40D { global: sceVideoOutAdjustColor2_; };
0x7580C07C1F9C2445 { global: sceVideoOutAdjustColorSpaceConversion_; };
0xA6FF42239542F91D { global: sceVideoOutAdjustColor_; };
0x004F4CA7418DE61F { global: sceVideoOutClearFlipMaster; };
0x00BAAB951F80EEEF { global: sceVideoOutClose; };
0x0D886159B2527918 { global: sceVideoOutColorSettingsSetGamma_; };
0x26901891D7421639 { global: sceVideoOutColorSpaceConversionSettingsSetDefaultSdrToHdrConversion_; };
0x627F0A4FE55365A1 { global: sceVideoOutColorSpaceConversionSettingsSetSdrToHdrConversion_; };
0x3DE5140804BD2ACA { global: sceVideoOutConfigureLayout; };
0x0092D3FD8F57CDCC { global: sceVideoOutConfigureOptionsInitialize_; };
0xC3484BB8D6AB4316 { global: sceVideoOutConfigureOutput; };
0xD82C58DBC7B0BFC8 { global: sceVideoOutConfigureOutputEx; };
0x00818A4CA27A70D8 { global: sceVideoOutConfigureOutputModeExSubmitDoneUnsafe_; };
0x950879E50F035008 { global: sceVideoOutConfigureOutputModeEx_; };
0x3756C4A09E12470E { global: sceVideoOutConfigureOutputMode_; };
0x003099118FB5FE36 { global: sceVideoOutControlHdcpEncryption; };
0x7C43C4C1139D0B03 { global: sceVideoOutCursorDisable; };
0x50F656087F2A4CCE { global: sceVideoOutCursorEnable; };
0x1E26CEB5ECF34FA3 { global: sceVideoOutCursorIsUpdatePending; };
0x0049E66CEA4A06CE { global: sceVideoOutCursorSet2xMagnify; };
0x8EBE767F8E4E9568 { global: sceVideoOutCursorSetHotSpot; };
0x00BBD6E1590029AB { global: sceVideoOutCursorSetImageAddress; };
0x375EC02BCF0D743D { global: sceVideoOutCursorSetPosition; };
0xEF7E467D53BDBF6B { global: sceVideoOutCursorSetPositionStereo; };
0x91ACC14573EA47B7 { global: sceVideoOutCurveSamplePointsCalc_; };
0x81B27C4315CE47A8 { global: sceVideoOutDeleteDisplayPositionEvent; };
0x280E75E640F9AC06 { global: sceVideoOutDeleteDriver; };
0x003B39F417500546 { global: sceVideoOutDeleteFlipEvent; };
0x007A5590F6F11115 { global: sceVideoOutDeletePreVblankStartEvent; };
0x7D70929034E92458 { global: sceVideoOutDeleteSetModeEvent; };
0xA0D3909F79275BAB { global: sceVideoOutDeleteVblankEvent; };
0xA1E36D766BD5E082 { global: sceVideoOutDriverAddEvent; };
0xD231896CD4E9495E { global: sceVideoOutDriverDecrementBufferLabel; };
0x94E47E368B3E25EF { global: sceVideoOutDriverDeleteEvent; };
0x346C84979693E1F7 { global: sceVideoOutDriverGetBufferLabelAddress; };
0x3F56C81E881AE231 { global: sceVideoOutDriverGetEopHandle; };
0x1BAA5E4920CFE220 { global: sceVideoOutDriverGetFinishedEopHandle; };
0x18BF3EDD11D6E6F9 { global: sceVideoOutDriverGetLatestEopHandle; };
0x66DC786F62E14439 { global: sceVideoOutDriverIncrementBufferLabel; };
0xB280088ECA6076DF { global: sceVideoOutDriverResetBufferLabel; };
0x3879E792B51C4A13 { global: sceVideoOutDriverTriggerEvent; };
0xE55F181B1F60D140 { global: sceVideoOutGetBufferInformation; };
0x39C4326D07A31C46 { global: sceVideoOutGetBufferLabelAddress; };
0x219C364C836273ED { global: sceVideoOutGetCoredumpOutputMode; };
0x5B489001B19A4C18 { global: sceVideoOutGetCurrentOutputMode_; };
0x90654B73786D404F { global: sceVideoOutGetDeviceCapabilityInfo_; };
0x00A7B155994E8433 { global: sceVideoOutGetDeviceInfoExOts_; };
0x93A24B406B8F1180 { global: sceVideoOutGetDeviceInfoEx_; };
0x32DE101C793190E7 { global: sceVideoOutGetEventCount; };
0xAD651370A7645334 { global: sceVideoOutGetEventData; };
0x536249B52A8D2992 { global: sceVideoOutGetEventId; };
0x49B537770A7CD254 { global: sceVideoOutGetFlipStatus; };
0x859BF3432D952CA6 { global: sceVideoOutGetHdmiKsvList_; };
0x00E36D5CAFEE4CBA { global: sceVideoOutGetHdmiMonitorInfoNoMask_; };
0xF979439EE9AF2D50 { global: sceVideoOutGetHdmiMonitorInfo_; };
0xFAC5EF475247F40C { global: sceVideoOutGetHdmiRawEdid_; };
0x0095A7E8894979E5 { global: sceVideoOutGetMonitorInfo; };
0x00BAD3EB55DC62A3 { global: sceVideoOutGetOutputStatus; };
0x00CB895504BB0D8A { global: sceVideoOutGetPortStatusInfo; };
0x00E133D6DC7D9F94 { global: sceVideoOutGetPortStatusInfoByBusSpecifier_; };
0x483A0F9BBDED3B22 { global: sceVideoOutGetPortStatusInfo_; };
0xEA43E78F9D53EB66 { global: sceVideoOutGetResolutionStatus; };
0xFAD076F0252BF56D { global: sceVideoOutGetStatusForWebcore; };
0xD456412B2F0778D5 { global: sceVideoOutGetVblankStatus; };
0x51ACEB345CD93D15 { global: sceVideoOutGetVideoOutModeByBusSpecifier_; };
0x5CDB59D7A2C885FD { global: sceVideoOutHdmiMonitorInfoIsSupportedHdcpVersion; };
0x58166B51A418F845 { global: sceVideoOutHdmiMonitorInfoIsSupportedVideoOutMode_; };
0xF88E0AD378B710BD { global: sceVideoOutInitializeOutputOptions; };
0xCE05E27C74FD12B6 { global: sceVideoOutIsFlipPending; };
0x0036FF1C29BF8350 { global: sceVideoOutIsOutputSupported; };
0xEE27D9171589F50E { global: sceVideoOutLockBuffer; };
0xA63903B20C658BA7 { global: sceVideoOutModeSetAny_; };
0x529DFA3D393AF3B1 { global: sceVideoOutOpen; };
0x657EC2EFDB8EBA35 { global: sceVideoOutRazorAddCallback; };
0x0084671392CAAA21 { global: sceVideoOutRazorRecallCallbacks; };
0xCD40D6EE42057252 { global: sceVideoOutRazorRemoveCallback; };
0x1094227E33A9F2CE { global: sceVideoOutRegisterBufferAttribute; };
0xC37058FAD0048906 { global: sceVideoOutRegisterBuffers; };
0xACA054B6046BB5B9 { global: sceVideoOutRegisterBuffers2; };
0x9424C23A88116E4D { global: sceVideoOutRegisterStereoBuffers; };
0x1FCB5E2E7B46916B { global: sceVideoOutRemoveBuffer; };
0x938024F9ED83D478 { global: sceVideoOutRemoveBufferAttributeOption; };
0x00CD19C9ED6A1649 { global: sceVideoOutSetAlphaControl; };
0xCC82F2F2DFB96CFA { global: sceVideoOutSetBlankAfterResume; };
0x0000000000000000 { global: sceVideoOutSetBufferAttribute; };
0x3E34B9B804B0715F { global: sceVideoOutSetBufferAttribute2; };
0x28704D0242614FAE { global: sceVideoOutSetContentType; };
0x00D7C34F8AF01BC9 { global: sceVideoOutSetDisplayEventPosition; };
0x5A462DC8E837D1DA { global: sceVideoOutSetFlipMaster; };
0x0818AEE26084D430 { global: sceVideoOutSetFlipRate; };
0x7A66B20FD2C762C7 { global: sceVideoOutSetGamutMetadata_; };
0xA40F31C5AC9297B0 { global: sceVideoOutSetGlobalBlendSpace; };
0x0B1533DE7534E8D1 { global: sceVideoOutSetToneMap_; };
0x313C71ACE09E4A28 { global: sceVideoOutSetWindowModeMargins; };
0x0020E7601E508652 { global: sceVideoOutSubmitChangeBufferAttribute; };
0x1EE5625B81E7ACEC { global: sceVideoOutSubmitChangeBufferAttribute2; };
0x8FCC65FBDD80D2AE { global: sceVideoOutSubmitEopFlip; };
0x538E8DC0E889A72B { global: sceVideoOutSubmitFlip; };
0x0000000000000000 { global: sceVideoOutSysAddSetModeEvent; };
0x7D85955432993829 { global: sceVideoOutSysAddSetModeEvent2; };
0x124F9547895C2502 { global: sceVideoOutSysAddVblankEvent; };
0x026F0796BEED9710 { global: sceVideoOutSysAddVblankEvent2; };
0x7486FD2ECAE99103 { global: sceVideoOutSysClose; };
0x1434CE8613C7B69B { global: sceVideoOutSysConfigureLayout; };
0xA1F921251890B9AD { global: sceVideoOutSysConfigureOutput; };
0xA31DF00F5E368D94 { global: sceVideoOutSysConfigureOutputMode; };
0x00E8BD00E698AE75 { global: sceVideoOutSysCursorDisable; };
0xC7087218F6645BAC { global: sceVideoOutSysCursorEnable; };
0x007A4C0C045B6AD7 { global: sceVideoOutSysCursorIsUpdatePending; };
0xF9EA54FAB80E6F2C { global: sceVideoOutSysCursorObtain; };
0x412993DDAB6D8958 { global: sceVideoOutSysCursorRelease; };
0x7D98017A21AA13E7 { global: sceVideoOutSysCursorSetPosition; };
0x8B0B09740642837E { global: sceVideoOutSysDeleteVblankEvent; };
0xD8406EA2EB982A03 { global: sceVideoOutSysDeleteVblankEvent2; };
0xED5499271C5C4CBF { global: sceVideoOutSysGetBus; };
0x2293214675602545 { global: sceVideoOutSysGetColorConversionStatus; };
0x232B118953862153 { global: sceVideoOutSysGetCurrentOutputMode; };
0xDAC81E9CCAB07333 { global: sceVideoOutSysGetDeviceInfo; };
0xDB5B12F04538E5CC { global: sceVideoOutSysGetFlipStatus; };
0xBCC2D6B897241AFD { global: sceVideoOutSysGetMonitorInfo_; };
0xF171A28C4A13844D { global: sceVideoOutSysGetResolutionStatus; };
0xA8B0C2025F32802C { global: sceVideoOutSysGetResolutionStatus2; };
0x7750234F6B99267D { global: sceVideoOutSysGetVblankStatus; };
0x898AC2B335FDDC03 { global: sceVideoOutSysGetVblankStatus2; };
0x00010BCBC61CDCC7 { global: sceVideoOutSysGetVideoOutModeByBusSpecifier; };
0x00DFD0D7146560D0 { global: sceVideoOutSysHdmiMonitorInfoIsMorpheus; };
0x8948A01C9DA8A783 { global: sceVideoOutSysIsModeS3d; };
0x99FC4496BEFD3BB4 { global: sceVideoOutSysIsSupportedByMonitorInfo_; };
0x3B9EC5E629211B1A { global: sceVideoOutSysIsUserStatusSystemDefault; };
0xE17B1076188E6807 { global: sceVideoOutSysIsUserStatusVr; };
0xE58F2E51B18C8A8D { global: sceVideoOutSysModeIsSystemDefault; };
0x4048AE1F18EE9E07 { global: sceVideoOutSysModeIsVr; };
0x90FE25FA7C818D10 { global: sceVideoOutSysOpenInternal; };
0x0013C0BAD3CA459E { global: sceVideoOutSysReadCrc; };
0x781BE868BC1F0414 { global: sceVideoOutSysReadCrc64; };
0x76373C7CECCE5F19 { global: sceVideoOutSysResetAtGpuReset; };
0x8EF3DEAF8873F945 { global: sceVideoOutSysSetDcePipeMode; };
0x38E17460EEF71930 { global: sceVideoOutSysSetDimmer; };
0x5FBB5698736DA0A8 { global: sceVideoOutSysSetDimmer2; };
0x0091AD7856F1D25F { global: sceVideoOutSysSetHdrMetadata; };
0x9CC6C0A88D6DCBCC { global: sceVideoOutSysSetOverscanRatio; };
0x5050E8AAFE175C2D { global: sceVideoOutSysUpdateDisplayParameter; };
0x265F75021C4A734C { global: sceVideoOutSysUpdatePrivilege; };
0xE06DFB10830C0FE4 { global: sceVideoOutSysUpdateRenderingMode; };
0x006A68219C012FE6 { global: sceVideoOutUnlockBuffer; };
0x491412A4FE102B95 { global: sceVideoOutUnregisterBufferAttribute; };
0x379283B642238C9E { global: sceVideoOutUnregisterBuffers; };
0x8FA45A01495A2EFD { global: sceVideoOutWaitVblank; };
